Component: ARM Compiler 5.06 update 6 (build 750) Tool: armlink [4d35ed]

==============================================================================

Section Cross References

    system_nuc230_240.o(i.CLK_GetPLLClockFreq) refers to aeabi_sdiv.o(.text) for __aeabi_uidivmod
    system_nuc230_240.o(i.SystemCoreClockUpdate) refers to system_nuc230_240.o(i.CLK_GetPLLClockFreq) for CLK_GetPLLClockFreq
    system_nuc230_240.o(i.SystemCoreClockUpdate) refers to aeabi_sdiv.o(.text) for __aeabi_uidivmod
    system_nuc230_240.o(i.SystemCoreClockUpdate) refers to system_nuc230_240.o(.data) for PllClock
    startup_nuc230_240.o(STACK) refers (Special) to heapauxi.o(.text) for __use_two_region_memory
    startup_nuc230_240.o(HEAP) refers (Special) to heapauxi.o(.text) for __use_two_region_memory
    startup_nuc230_240.o(RESET) refers (Special) to heapauxi.o(.text) for __use_two_region_memory
    startup_nuc230_240.o(RESET) refers to startup_nuc230_240.o(STACK) for __initial_sp
    startup_nuc230_240.o(RESET) refers to startup_nuc230_240.o(.text) for Reset_Handler
    startup_nuc230_240.o(RESET) refers to interrupt.o(i.TMR0_IRQHandler) for TMR0_IRQHandler
    startup_nuc230_240.o(RESET) refers to interrupt.o(i.UART02_IRQHandler) for UART02_IRQHandler
    startup_nuc230_240.o(.text) refers (Special) to heapauxi.o(.text) for __use_two_region_memory
    startup_nuc230_240.o(.text) refers to system_nuc230_240.o(i.SystemInit) for SystemInit
    startup_nuc230_240.o(.text) refers to __main.o(!!!main) for __main
    startup_nuc230_240.o(.text) refers to startup_nuc230_240.o(HEAP) for Heap_Mem
    startup_nuc230_240.o(.text) refers to startup_nuc230_240.o(STACK) for Stack_Mem
    main.o(i.main) refers to init.o(i.SYS_Init) for SYS_Init
    main.o(i.main) refers to petitmodbus.o(i.InitPetitModbus) for InitPetitModbus
    main.o(i.main) refers to init.o(i.IO_Init) for IO_Init
    main.o(i.main) refers to petitmodbus.o(i.ProcessPetitModbus) for ProcessPetitModbus
    main.o(i.main) refers to pg_fp6.o(i.PG_FP6_Controller) for PG_FP6_Controller
    main.o(i.main) refers to init.o(i.Buzzer) for Buzzer
    init.o(i.IO_Init) refers to gpio.o(i.GPIO_SetMode) for GPIO_SetMode
    init.o(i.SYS_Init) refers to clk.o(i.CLK_EnableXtalRC) for CLK_EnableXtalRC
    init.o(i.SYS_Init) refers to clk.o(i.CLK_WaitClockReady) for CLK_WaitClockReady
    init.o(i.SYS_Init) refers to clk.o(i.CLK_SetHCLK) for CLK_SetHCLK
    init.o(i.SYS_Init) refers to clk.o(i.CLK_SetCoreClock) for CLK_SetCoreClock
    init.o(i.SYS_Init) refers to clk.o(i.CLK_EnableModuleClock) for CLK_EnableModuleClock
    init.o(i.SYS_Init) refers to clk.o(i.CLK_SetModuleClock) for CLK_SetModuleClock
    init.o(i.TIMER0_Init) refers to timer.o(i.TIMER_Open) for TIMER_Open
    init.o(i.TIMER0_Init) refers to init.o(i.NVIC_EnableIRQ) for NVIC_EnableIRQ
    init.o(i.UART0_Init) refers to sys.o(i.SYS_ResetModule) for SYS_ResetModule
    init.o(i.UART0_Init) refers to uart.o(i.UART_Open) for UART_Open
    init.o(i.UART0_Init) refers to init.o(i.NVIC_EnableIRQ) for NVIC_EnableIRQ
    interrupt.o(i.TMR0_IRQHandler) refers to petitmodbusport.o(i.PetitModBus_TimerValues) for PetitModBus_TimerValues
    interrupt.o(i.TMR0_IRQHandler) refers to user.o(.data) for Timer_Tick_Counter
    interrupt.o(i.UART02_IRQHandler) refers to petitmodbusport.o(i.ReceiveInterrupt) for ReceiveInterrupt
    pg_fp6.o(i.PG_FP6_Controller) refers to petitregconstant.o(.bss) for PetitRegisters
    pg_fp6.o(i.PG_FP6_Controller) refers to user.o(.data) for Timer_Tick_Command_Start
    clk.o(i.CLK_DisableCKO) refers to clk.o(i.CLK_DisableModuleClock) for CLK_DisableModuleClock
    clk.o(i.CLK_DisableModuleClock) refers to clk.o(.constdata) for .constdata
    clk.o(i.CLK_EnableCKO) refers to clk.o(i.CLK_EnableModuleClock) for CLK_EnableModuleClock
    clk.o(i.CLK_EnableCKO) refers to clk.o(i.CLK_SetModuleClock) for CLK_SetModuleClock
    clk.o(i.CLK_EnableModuleClock) refers to clk.o(.constdata) for .constdata
    clk.o(i.CLK_EnablePLL) refers to clk.o(i.CLK_WaitClockReady) for CLK_WaitClockReady
    clk.o(i.CLK_EnablePLL) refers to aeabi_sdiv.o(.text) for __aeabi_uidivmod
    clk.o(i.CLK_EnablePLL) refers to clk.o(i.CLK_GetPLLClockFreq) for CLK_GetPLLClockFreq
    clk.o(i.CLK_GetCPUFreq) refers to system_nuc230_240.o(i.SystemCoreClockUpdate) for SystemCoreClockUpdate
    clk.o(i.CLK_GetCPUFreq) refers to system_nuc230_240.o(.data) for SystemCoreClock
    clk.o(i.CLK_GetHCLKFreq) refers to system_nuc230_240.o(i.SystemCoreClockUpdate) for SystemCoreClockUpdate
    clk.o(i.CLK_GetHCLKFreq) refers to system_nuc230_240.o(.data) for SystemCoreClock
    clk.o(i.CLK_GetPCLKFreq) refers to system_nuc230_240.o(i.SystemCoreClockUpdate) for SystemCoreClockUpdate
    clk.o(i.CLK_GetPCLKFreq) refers to system_nuc230_240.o(.data) for SystemCoreClock
    clk.o(i.CLK_GetPLLClockFreq) refers to aeabi_sdiv.o(.text) for __aeabi_uidivmod
    clk.o(i.CLK_SetCoreClock) refers to clk.o(i.CLK_EnablePLL) for CLK_EnablePLL
    clk.o(i.CLK_SetCoreClock) refers to clk.o(i.CLK_SetHCLK) for CLK_SetHCLK
    clk.o(i.CLK_SetCoreClock) refers to aeabi_sdiv.o(.text) for __aeabi_uidivmod
    clk.o(i.CLK_SetHCLK) refers to system_nuc230_240.o(i.SystemCoreClockUpdate) for SystemCoreClockUpdate
    clk.o(i.CLK_SetModuleClock) refers to clk.o(.constdata) for .constdata
    fmc.o(i.FMC_ReadConfig) refers to fmc.o(i.FMC_Read) for FMC_Read
    fmc.o(i.FMC_WriteConfig) refers to fmc.o(i.FMC_Read) for FMC_Read
    timer.o(i.TIMER_Delay) refers to timer.o(i.TIMER_GetModuleClock) for TIMER_GetModuleClock
    timer.o(i.TIMER_Delay) refers to aeabi_sdiv.o(.text) for __aeabi_uidivmod
    timer.o(i.TIMER_Delay) refers to system_nuc230_240.o(.data) for SystemCoreClock
    timer.o(i.TIMER_GetModuleClock) refers to rt_memcpy.o(.emb_text) for __aeabi_memcpy4
    timer.o(i.TIMER_GetModuleClock) refers to timer.o(.constdata) for .constdata
    timer.o(i.TIMER_GetModuleClock) refers to system_nuc230_240.o(.data) for SystemCoreClock
    timer.o(i.TIMER_Open) refers to timer.o(i.TIMER_GetModuleClock) for TIMER_GetModuleClock
    timer.o(i.TIMER_Open) refers to aeabi_sdiv.o(.text) for __aeabi_uidivmod
    uart.o(i.CLK_GetPLLClockFreq) refers to aeabi_sdiv.o(.text) for __aeabi_uidivmod
    uart.o(i.UART_DisableInt) refers to uart.o(i.NVIC_DisableIRQ) for NVIC_DisableIRQ
    uart.o(i.UART_EnableInt) refers to uart.o(i.NVIC_EnableIRQ) for NVIC_EnableIRQ
    uart.o(i.UART_Open) refers to uart.o(i.CLK_GetPLLClockFreq) for CLK_GetPLLClockFreq
    uart.o(i.UART_Open) refers to aeabi_sdiv.o(.text) for __aeabi_uidivmod
    uart.o(i.UART_Open) refers to uart.o(.constdata) for .constdata
    uart.o(i.UART_SelectIrDAMode) refers to uart.o(i.CLK_GetPLLClockFreq) for CLK_GetPLLClockFreq
    uart.o(i.UART_SelectIrDAMode) refers to aeabi_sdiv.o(.text) for __aeabi_uidivmod
    uart.o(i.UART_SelectIrDAMode) refers to uart.o(.constdata) for .constdata
    uart.o(i.UART_SetLine_Config) refers to uart.o(i.CLK_GetPLLClockFreq) for CLK_GetPLLClockFreq
    uart.o(i.UART_SetLine_Config) refers to aeabi_sdiv.o(.text) for __aeabi_uidivmod
    uart.o(i.UART_SetLine_Config) refers to uart.o(.constdata) for .constdata
    petitmodbus.o(i.CheckPetitModbusBufferComplete) refers to petitmodbusport.o(.data) for PetitReceiveCounter
    petitmodbus.o(i.CheckPetitModbusBufferComplete) refers to petitmodbusport.o(.bss) for PetitReceiveBuffer
    petitmodbus.o(i.CheckPetitModbusBufferComplete) refers to petitmodbus.o(.data) for PETITMODBUS_SLAVE_ADDRESS
    petitmodbus.o(i.HandleMPetitodbusWriteMultipleRegisters) refers to petitmodbus.o(i.HandlePetitModbusError) for HandlePetitModbusError
    petitmodbus.o(i.HandleMPetitodbusWriteMultipleRegisters) refers to petitmodbus.o(i.PetitSendMessage) for PetitSendMessage
    petitmodbus.o(i.HandleMPetitodbusWriteMultipleRegisters) refers to petitmodbus.o(.bss) for Petit_Rx_Data
    petitmodbus.o(i.HandleMPetitodbusWriteMultipleRegisters) refers to petitmodbus.o(.data) for PETITMODBUS_SLAVE_ADDRESS
    petitmodbus.o(i.HandleMPetitodbusWriteMultipleRegisters) refers to petitregconstant.o(.bss) for PetitRegisters
    petitmodbus.o(i.HandlePetitModbusError) refers to petitmodbus.o(i.PetitSendMessage) for PetitSendMessage
    petitmodbus.o(i.HandlePetitModbusError) refers to petitmodbus.o(.bss) for Petit_Tx_Data
    petitmodbus.o(i.HandlePetitModbusError) refers to petitmodbus.o(.data) for PETITMODBUS_SLAVE_ADDRESS
    petitmodbus.o(i.HandlePetitModbusReadHoldingRegisters) refers to petitmodbus.o(i.HandlePetitModbusError) for HandlePetitModbusError
    petitmodbus.o(i.HandlePetitModbusReadHoldingRegisters) refers to petitmodbus.o(i.PetitSendMessage) for PetitSendMessage
    petitmodbus.o(i.HandlePetitModbusReadHoldingRegisters) refers to petitmodbus.o(.bss) for Petit_Rx_Data
    petitmodbus.o(i.HandlePetitModbusReadHoldingRegisters) refers to petitmodbus.o(.data) for PETITMODBUS_SLAVE_ADDRESS
    petitmodbus.o(i.HandlePetitModbusReadHoldingRegisters) refers to petitregconstant.o(.bss) for PetitRegisters
    petitmodbus.o(i.HandlePetitModbusWriteSingleRegister) refers to petitmodbus.o(i.HandlePetitModbusError) for HandlePetitModbusError
    petitmodbus.o(i.HandlePetitModbusWriteSingleRegister) refers to petitmodbus.o(i.PetitSendMessage) for PetitSendMessage
    petitmodbus.o(i.HandlePetitModbusWriteSingleRegister) refers to petitmodbus.o(.bss) for Petit_Rx_Data
    petitmodbus.o(i.HandlePetitModbusWriteSingleRegister) refers to petitmodbus.o(.data) for PETITMODBUS_SLAVE_ADDRESS
    petitmodbus.o(i.HandlePetitModbusWriteSingleRegister) refers to petitregconstant.o(.bss) for PetitRegisters
    petitmodbus.o(i.InitPetitModbus) refers to petitmodbusport.o(i.PetitModBus_UART_Initialise) for PetitModBus_UART_Initialise
    petitmodbus.o(i.InitPetitModbus) refers to petitmodbusport.o(i.PetitModBus_TIMER_Initialise) for PetitModBus_TIMER_Initialise
    petitmodbus.o(i.InitPetitModbus) refers to petitmodbus.o(.data) for PETITMODBUS_SLAVE_ADDRESS
    petitmodbus.o(i.PetitSendMessage) refers to petitmodbus.o(.data) for Petit_Tx_State
    petitmodbus.o(i.Petit_CheckRxTimeout) refers to petitmodbus.o(.data) for PetitModbusTimerValue
    petitmodbus.o(i.Petit_CheckRxTimeout) refers to petitmodbusport.o(.data) for PetitReceiveCounter
    petitmodbus.o(i.Petit_DoSlaveTX) refers to petitmodbusport.o(i.PetitModBus_UART_String) for PetitModBus_UART_String
    petitmodbus.o(i.Petit_DoSlaveTX) refers to petitmodbus.o(.data) for Petit_Tx_Buf_Size
    petitmodbus.o(i.Petit_DoSlaveTX) refers to petitmodbus.o(.bss) for Petit_Tx_Buf
    petitmodbus.o(i.Petit_RxDataAvailable) refers to petitmodbus.o(.data) for Petit_Rx_Data_Available
    petitmodbus.o(i.Petit_RxRTU) refers to petitmodbus.o(i.CheckPetitModbusBufferComplete) for CheckPetitModbusBufferComplete
    petitmodbus.o(i.Petit_RxRTU) refers to petitmodbus.o(i.Petit_CRC16) for Petit_CRC16
    petitmodbus.o(i.Petit_RxRTU) refers to petitmodbus.o(i.Petit_CheckRxTimeout) for Petit_CheckRxTimeout
    petitmodbus.o(i.Petit_RxRTU) refers to petitmodbusport.o(.bss) for PetitReceiveBuffer
    petitmodbus.o(i.Petit_RxRTU) refers to petitmodbus.o(.bss) for Petit_Rx_Data
    petitmodbus.o(i.Petit_RxRTU) refers to petitmodbus.o(.data) for Petit_Rx_CRC16
    petitmodbus.o(i.Petit_RxRTU) refers to petitmodbusport.o(.data) for PetitReceiveCounter
    petitmodbus.o(i.Petit_TxRTU) refers to petitmodbus.o(i.Petit_CRC16) for Petit_CRC16
    petitmodbus.o(i.Petit_TxRTU) refers to petitmodbus.o(i.Petit_DoSlaveTX) for Petit_DoSlaveTX
    petitmodbus.o(i.Petit_TxRTU) refers to petitmodbus.o(.data) for Petit_Tx_CRC16
    petitmodbus.o(i.Petit_TxRTU) refers to petitmodbus.o(.bss) for Petit_Tx_Data
    petitmodbus.o(i.ProcessPetitModbus) refers to petitmodbus.o(i.Petit_TxRTU) for Petit_TxRTU
    petitmodbus.o(i.ProcessPetitModbus) refers to petitmodbus.o(i.Petit_RxRTU) for Petit_RxRTU
    petitmodbus.o(i.ProcessPetitModbus) refers to petitmodbus.o(i.Petit_RxDataAvailable) for Petit_RxDataAvailable
    petitmodbus.o(i.ProcessPetitModbus) refers to petitmodbus.o(i.HandlePetitModbusReadHoldingRegisters) for HandlePetitModbusReadHoldingRegisters
    petitmodbus.o(i.ProcessPetitModbus) refers to petitmodbus.o(i.HandlePetitModbusWriteSingleRegister) for HandlePetitModbusWriteSingleRegister
    petitmodbus.o(i.ProcessPetitModbus) refers to petitmodbus.o(i.HandleMPetitodbusWriteMultipleRegisters) for HandleMPetitodbusWriteMultipleRegisters
    petitmodbus.o(i.ProcessPetitModbus) refers to petitmodbus.o(i.HandlePetitModbusError) for HandlePetitModbusError
    petitmodbus.o(i.ProcessPetitModbus) refers to petitmodbus.o(.data) for Petit_Tx_State
    petitmodbus.o(i.ProcessPetitModbus) refers to petitmodbus.o(.bss) for Petit_Rx_Data
    petitmodbusport.o(i.PetitModBus_TIMER_Initialise) refers to init.o(i.TIMER0_Init) for TIMER0_Init
    petitmodbusport.o(i.PetitModBus_TimerValues) refers to petitmodbus.o(.data) for PetitModbusTimerValue
    petitmodbusport.o(i.PetitModBus_UART_Initialise) refers to init.o(i.UART0_Init) for UART0_Init
    petitmodbusport.o(i.PetitModBus_UART_String) refers to petitmodbusport.o(i.PetitModBus_UART_Putch) for PetitModBus_UART_Putch
    petitmodbusport.o(i.ReceiveInterrupt) refers to petitmodbusport.o(.bss) for PetitReceiveBuffer
    petitmodbusport.o(i.ReceiveInterrupt) refers to petitmodbusport.o(.data) for PetitReceiveCounter
    petitmodbusport.o(i.ReceiveInterrupt) refers to petitmodbus.o(.data) for PetitModbusTimerValue
    rt_memcpy.o(.text) refers to rt_memcpy.o(.emb_text) for __aeabi_memcpy4
    __main.o(!!!main) refers to __rtentry.o(.ARM.Collect$$rtentry$$00000000) for __rt_entry
    __rtentry.o(.ARM.Collect$$rtentry$$00000000) refers (Special) to __rtentry2.o(.ARM.Collect$$rtentry$$0000000A) for __rt_entry_li
    __rtentry.o(.ARM.Collect$$rtentry$$00000000) refers (Special) to __rtentry2.o(.ARM.Collect$$rtentry$$0000000D) for __rt_entry_main
    __rtentry.o(.ARM.Collect$$rtentry$$00000000) refers (Special) to __rtentry2.o(.ARM.Collect$$rtentry$$0000000C) for __rt_entry_postli_1
    __rtentry.o(.ARM.Collect$$rtentry$$00000000) refers (Special) to __rtentry2.o(.ARM.Collect$$rtentry$$00000009) for __rt_entry_postsh_1
    __rtentry.o(.ARM.Collect$$rtentry$$00000000) refers (Special) to __rtentry2.o(.ARM.Collect$$rtentry$$00000002) for __rt_entry_presh_1
    __rtentry.o(.ARM.Collect$$rtentry$$00000000) refers (Special) to __rtentry4.o(.ARM.Collect$$rtentry$$00000004) for __rt_entry_sh
    aeabi_idiv0_sigfpe.o(.text) refers to rt_div0.o(.text) for __rt_div0
    __rtentry2.o(.ARM.Collect$$rtentry$$00000008) refers to boardinit2.o(.text) for _platform_post_stackheap_init
    __rtentry2.o(.ARM.Collect$$rtentry$$0000000A) refers to libinit.o(.ARM.Collect$$libinit$$00000000) for __rt_lib_init
    __rtentry2.o(.ARM.Collect$$rtentry$$0000000B) refers to boardinit3.o(.text) for _platform_post_lib_init
    __rtentry2.o(.ARM.Collect$$rtentry$$0000000D) refers to main.o(i.main) for main
    __rtentry2.o(.ARM.Collect$$rtentry$$0000000D) refers to exit.o(.text) for exit
    __rtentry2.o(.ARM.exidx) refers to __rtentry2.o(.ARM.Collect$$rtentry$$00000001) for .ARM.Collect$$rtentry$$00000001
    __rtentry2.o(.ARM.exidx) refers to __rtentry2.o(.ARM.Collect$$rtentry$$00000008) for .ARM.Collect$$rtentry$$00000008
    __rtentry2.o(.ARM.exidx) refers to __rtentry2.o(.ARM.Collect$$rtentry$$0000000A) for .ARM.Collect$$rtentry$$0000000A
    __rtentry2.o(.ARM.exidx) refers to __rtentry2.o(.ARM.Collect$$rtentry$$0000000B) for .ARM.Collect$$rtentry$$0000000B
    __rtentry2.o(.ARM.exidx) refers to __rtentry2.o(.ARM.Collect$$rtentry$$0000000D) for .ARM.Collect$$rtentry$$0000000D
    __rtentry4.o(.ARM.Collect$$rtentry$$00000004) refers to sys_stackheap_outer.o(.text) for __user_setup_stackheap
    __rtentry4.o(.ARM.exidx) refers to __rtentry4.o(.ARM.Collect$$rtentry$$00000004) for .ARM.Collect$$rtentry$$00000004
    rt_div0.o(.text) refers to defsig_fpe_outer.o(.text) for __rt_SIGFPE
    sys_stackheap_outer.o(.text) refers to libspace.o(.text) for __user_perproc_libspace
    sys_stackheap_outer.o(.text) refers to startup_nuc230_240.o(.text) for __user_initial_stackheap
    sys_stackheap_outer.o(__vectab_stack_and_reset_area) refers to tempstk.o(.text) for __temporary_stack_top
    sys_stackheap_outer.o(__vectab_stack_and_reset_area) refers to __main.o(!!!main) for __main
    exit.o(.text) refers to rtexit.o(.ARM.Collect$$rtexit$$00000000) for __rt_exit
    defsig_fpe_outer.o(.text) refers to defsig_fpe_inner.o(.text) for __rt_SIGFPE_inner
    defsig_fpe_outer.o(.text) refers to defsig_exit.o(.text) for __sig_exit
    defsig_fpe_formal.o(.text) refers to rt_raise.o(.text) for __rt_raise
    libinit.o(.ARM.Collect$$libinit$$00000000) refers (Special) to libinit2.o(.ARM.Collect$$libinit$$0000002E) for __rt_lib_init_alloca_1
    libinit.o(.ARM.Collect$$libinit$$00000000) refers (Special) to libinit2.o(.ARM.Collect$$libinit$$0000002C) for __rt_lib_init_argv_1
    libinit.o(.ARM.Collect$$libinit$$00000000) refers (Special) to libinit2.o(.ARM.Collect$$libinit$$0000001B) for __rt_lib_init_atexit_1
    libinit.o(.ARM.Collect$$libinit$$00000000) refers (Special) to libinit2.o(.ARM.Collect$$libinit$$00000021) for __rt_lib_init_clock_1
    libinit.o(.ARM.Collect$$libinit$$00000000) refers (Special) to libinit2.o(.ARM.Collect$$libinit$$00000032) for __rt_lib_init_cpp_1
    libinit.o(.ARM.Collect$$libinit$$00000000) refers (Special) to libinit2.o(.ARM.Collect$$libinit$$00000030) for __rt_lib_init_exceptions_1
    libinit.o(.ARM.Collect$$libinit$$00000000) refers (Special) to libinit2.o(.ARM.Collect$$libinit$$00000002) for __rt_lib_init_fp_1
    libinit.o(.ARM.Collect$$libinit$$00000000) refers (Special) to libinit2.o(.ARM.Collect$$libinit$$0000001F) for __rt_lib_init_fp_trap_1
    libinit.o(.ARM.Collect$$libinit$$00000000) refers (Special) to libinit2.o(.ARM.Collect$$libinit$$00000023) for __rt_lib_init_getenv_1
    libinit.o(.ARM.Collect$$libinit$$00000000) refers (Special) to libinit2.o(.ARM.Collect$$libinit$$0000000A) for __rt_lib_init_heap_1
    libinit.o(.ARM.Collect$$libinit$$00000000) refers (Special) to libinit2.o(.ARM.Collect$$libinit$$00000011) for __rt_lib_init_lc_collate_1
    libinit.o(.ARM.Collect$$libinit$$00000000) refers (Special) to libinit2.o(.ARM.Collect$$libinit$$00000013) for __rt_lib_init_lc_ctype_1
    libinit.o(.ARM.Collect$$libinit$$00000000) refers (Special) to libinit2.o(.ARM.Collect$$libinit$$00000015) for __rt_lib_init_lc_monetary_1
    libinit.o(.ARM.Collect$$libinit$$00000000) refers (Special) to libinit2.o(.ARM.Collect$$libinit$$00000017) for __rt_lib_init_lc_numeric_1
    libinit.o(.ARM.Collect$$libinit$$00000000) refers (Special) to libinit2.o(.ARM.Collect$$libinit$$00000019) for __rt_lib_init_lc_time_1
    libinit.o(.ARM.Collect$$libinit$$00000000) refers (Special) to libinit2.o(.ARM.Collect$$libinit$$00000004) for __rt_lib_init_preinit_1
    libinit.o(.ARM.Collect$$libinit$$00000000) refers (Special) to libinit2.o(.ARM.Collect$$libinit$$0000000E) for __rt_lib_init_rand_1
    libinit.o(.ARM.Collect$$libinit$$00000000) refers (Special) to libinit2.o(.ARM.Collect$$libinit$$00000033) for __rt_lib_init_return
    libinit.o(.ARM.Collect$$libinit$$00000000) refers (Special) to libinit2.o(.ARM.Collect$$libinit$$0000001D) for __rt_lib_init_signal_1
    libinit.o(.ARM.Collect$$libinit$$00000000) refers (Special) to libinit2.o(.ARM.Collect$$libinit$$00000025) for __rt_lib_init_stdio_1
    libinit.o(.ARM.Collect$$libinit$$00000000) refers (Special) to libinit2.o(.ARM.Collect$$libinit$$0000000C) for __rt_lib_init_user_alloc_1
    libspace.o(.text) refers to libspace.o(.bss) for __libspace_start
    rtexit.o(.ARM.Collect$$rtexit$$00000000) refers (Special) to rtexit2.o(.ARM.Collect$$rtexit$$00000004) for __rt_exit_exit
    rtexit.o(.ARM.Collect$$rtexit$$00000000) refers (Special) to rtexit2.o(.ARM.Collect$$rtexit$$00000003) for __rt_exit_ls
    rtexit.o(.ARM.Collect$$rtexit$$00000000) refers (Special) to rtexit2.o(.ARM.Collect$$rtexit$$00000002) for __rt_exit_prels_1
    rtexit.o(.ARM.exidx) refers (Special) to rtexit2.o(.ARM.Collect$$rtexit$$00000004) for __rt_exit_exit
    rtexit.o(.ARM.exidx) refers (Special) to rtexit2.o(.ARM.Collect$$rtexit$$00000003) for __rt_exit_ls
    rtexit.o(.ARM.exidx) refers (Special) to rtexit2.o(.ARM.Collect$$rtexit$$00000002) for __rt_exit_prels_1
    rtexit.o(.ARM.exidx) refers to rtexit.o(.ARM.Collect$$rtexit$$00000000) for .ARM.Collect$$rtexit$$00000000
    rt_raise.o(.text) refers to __raise.o(.text) for __raise
    rt_raise.o(.text) refers to sys_exit.o(.text) for _sys_exit
    defsig_exit.o(.text) refers to sys_exit.o(.text) for _sys_exit
    defsig_fpe_inner.o(.text) refers to defsig_general.o(.text) for __default_signal_display
    libinit2.o(.ARM.Collect$$libinit$$00000010) refers to libinit2.o(.ARM.Collect$$libinit$$0000000F) for .ARM.Collect$$libinit$$0000000F
    libinit2.o(.ARM.Collect$$libinit$$00000012) refers to libinit2.o(.ARM.Collect$$libinit$$0000000F) for .ARM.Collect$$libinit$$0000000F
    libinit2.o(.ARM.Collect$$libinit$$00000014) refers to libinit2.o(.ARM.Collect$$libinit$$0000000F) for .ARM.Collect$$libinit$$0000000F
    libinit2.o(.ARM.Collect$$libinit$$00000016) refers to libinit2.o(.ARM.Collect$$libinit$$0000000F) for .ARM.Collect$$libinit$$0000000F
    libinit2.o(.ARM.Collect$$libinit$$00000018) refers to libinit2.o(.ARM.Collect$$libinit$$0000000F) for .ARM.Collect$$libinit$$0000000F
    libinit2.o(.ARM.Collect$$libinit$$00000026) refers to argv_veneer.o(.text) for __ARM_argv_veneer
    libinit2.o(.ARM.Collect$$libinit$$00000027) refers to argv_veneer.o(.text) for __ARM_argv_veneer
    sys_exit.o(.text) refers (Special) to use_no_semi.o(.text) for __I$use$semihosting
    sys_exit.o(.text) refers (Special) to indicate_semi.o(.text) for __semihosting_library_function
    rtexit2.o(.ARM.Collect$$rtexit$$00000003) refers to libshutdown.o(.ARM.Collect$$libshutdown$$00000000) for __rt_lib_shutdown
    rtexit2.o(.ARM.Collect$$rtexit$$00000004) refers to sys_exit.o(.text) for _sys_exit
    rtexit2.o(.ARM.exidx) refers to rtexit2.o(.ARM.Collect$$rtexit$$00000001) for .ARM.Collect$$rtexit$$00000001
    rtexit2.o(.ARM.exidx) refers to rtexit2.o(.ARM.Collect$$rtexit$$00000003) for .ARM.Collect$$rtexit$$00000003
    rtexit2.o(.ARM.exidx) refers to rtexit2.o(.ARM.Collect$$rtexit$$00000004) for .ARM.Collect$$rtexit$$00000004
    __raise.o(.text) refers to defsig.o(CL$$defsig) for __default_signal_handler
    defsig_general.o(.text) refers to sys_wrch.o(.text) for _ttywrch
    sys_wrch.o(.text) refers (Special) to use_no_semi.o(.text) for __I$use$semihosting
    sys_wrch.o(.text) refers (Special) to indicate_semi.o(.text) for __semihosting_library_function
    defsig.o(CL$$defsig) refers to defsig_fpe_inner.o(.text) for __rt_SIGFPE_inner
    defsig.o(CL$$defsig) refers to defsig_rtmem_inner.o(.text) for __rt_SIGRTMEM_inner
    _get_argv_nomalloc.o(.text) refers (Special) to hrguard.o(.text) for __heap_region$guard
    _get_argv_nomalloc.o(.text) refers to defsig_rtmem_outer.o(.text) for __rt_SIGRTMEM
    _get_argv_nomalloc.o(.text) refers to sys_command.o(.text) for _sys_command_string
    libshutdown.o(.ARM.Collect$$libshutdown$$00000000) refers (Special) to libshutdown2.o(.ARM.Collect$$libshutdown$$00000002) for __rt_lib_shutdown_cpp_1
    libshutdown.o(.ARM.Collect$$libshutdown$$00000000) refers (Special) to libshutdown2.o(.ARM.Collect$$libshutdown$$00000007) for __rt_lib_shutdown_fp_trap_1
    libshutdown.o(.ARM.Collect$$libshutdown$$00000000) refers (Special) to libshutdown2.o(.ARM.Collect$$libshutdown$$0000000F) for __rt_lib_shutdown_heap_1
    libshutdown.o(.ARM.Collect$$libshutdown$$00000000) refers (Special) to libshutdown2.o(.ARM.Collect$$libshutdown$$00000010) for __rt_lib_shutdown_return
    libshutdown.o(.ARM.Collect$$libshutdown$$00000000) refers (Special) to libshutdown2.o(.ARM.Collect$$libshutdown$$0000000A) for __rt_lib_shutdown_signal_1
    libshutdown.o(.ARM.Collect$$libshutdown$$00000000) refers (Special) to libshutdown2.o(.ARM.Collect$$libshutdown$$00000004) for __rt_lib_shutdown_stdio_1
    libshutdown.o(.ARM.Collect$$libshutdown$$00000000) refers (Special) to libshutdown2.o(.ARM.Collect$$libshutdown$$0000000C) for __rt_lib_shutdown_user_alloc_1
    sys_command.o(.text) refers (Special) to use_no_semi.o(.text) for __I$use$semihosting
    sys_command.o(.text) refers (Special) to indicate_semi.o(.text) for __semihosting_library_function
    defsig_abrt_inner.o(.text) refers to defsig_general.o(.text) for __default_signal_display
    defsig_rtred_inner.o(.text) refers to defsig_general.o(.text) for __default_signal_display
    defsig_rtmem_inner.o(.text) refers to defsig_general.o(.text) for __default_signal_display
    defsig_rtmem_outer.o(.text) refers to defsig_rtmem_inner.o(.text) for __rt_SIGRTMEM_inner
    defsig_rtmem_outer.o(.text) refers to defsig_exit.o(.text) for __sig_exit
    defsig_rtmem_formal.o(.text) refers to rt_raise.o(.text) for __rt_raise
    defsig_stak_inner.o(.text) refers to defsig_general.o(.text) for __default_signal_display
    defsig_pvfn_inner.o(.text) refers to defsig_general.o(.text) for __default_signal_display
    defsig_cppl_inner.o(.text) refers to defsig_general.o(.text) for __default_signal_display
    defsig_segv_inner.o(.text) refers to defsig_general.o(.text) for __default_signal_display
    defsig_other.o(.text) refers to defsig_general.o(.text) for __default_signal_display


==============================================================================

Removing Unused input sections from the image.

    Removing system_nuc230_240.o(.rev16_text), (4 bytes).
    Removing system_nuc230_240.o(.revsh_text), (4 bytes).
    Removing main.o(.rev16_text), (4 bytes).
    Removing main.o(.revsh_text), (4 bytes).
    Removing user.o(.rev16_text), (4 bytes).
    Removing user.o(.revsh_text), (4 bytes).
    Removing init.o(.rev16_text), (4 bytes).
    Removing init.o(.revsh_text), (4 bytes).
    Removing interrupt.o(.rev16_text), (4 bytes).
    Removing interrupt.o(.revsh_text), (4 bytes).
    Removing pg_fp6.o(.rev16_text), (4 bytes).
    Removing pg_fp6.o(.revsh_text), (4 bytes).
    Removing clk.o(.rev16_text), (4 bytes).
    Removing clk.o(.revsh_text), (4 bytes).
    Removing clk.o(i.CLK_DisableCKO), (16 bytes).
    Removing clk.o(i.CLK_DisableModuleClock), (60 bytes).
    Removing clk.o(i.CLK_DisablePLL), (20 bytes).
    Removing clk.o(i.CLK_DisableSysTick), (12 bytes).
    Removing clk.o(i.CLK_DisableXtalRC), (16 bytes).
    Removing clk.o(i.CLK_EnableCKO), (48 bytes).
    Removing clk.o(i.CLK_EnableSysTick), (72 bytes).
    Removing clk.o(i.CLK_GetCPUFreq), (16 bytes).
    Removing clk.o(i.CLK_GetHCLKFreq), (16 bytes).
    Removing clk.o(i.CLK_GetHXTFreq), (28 bytes).
    Removing clk.o(i.CLK_GetLXTFreq), (24 bytes).
    Removing clk.o(i.CLK_GetPCLKFreq), (16 bytes).
    Removing clk.o(i.CLK_Idle), (36 bytes).
    Removing clk.o(i.CLK_PowerDown), (40 bytes).
    Removing clk.o(i.CLK_SetSysTickClockSrc), (20 bytes).
    Removing fmc.o(.rev16_text), (4 bytes).
    Removing fmc.o(.revsh_text), (4 bytes).
    Removing fmc.o(i.FMC_Close), (20 bytes).
    Removing fmc.o(i.FMC_DisableAPUpdate), (20 bytes).
    Removing fmc.o(i.FMC_DisableConfigUpdate), (20 bytes).
    Removing fmc.o(i.FMC_DisableLDUpdate), (20 bytes).
    Removing fmc.o(i.FMC_EnableAPUpdate), (20 bytes).
    Removing fmc.o(i.FMC_EnableConfigUpdate), (20 bytes).
    Removing fmc.o(i.FMC_EnableLDUpdate), (20 bytes).
    Removing fmc.o(i.FMC_GetBootSource), (24 bytes).
    Removing fmc.o(i.FMC_Open), (20 bytes).
    Removing fmc.o(i.FMC_Read), (40 bytes).
    Removing fmc.o(i.FMC_ReadConfig), (36 bytes).
    Removing fmc.o(i.FMC_ReadDataFlashBaseAddr), (12 bytes).
    Removing fmc.o(i.FMC_SetBootSource), (36 bytes).
    Removing fmc.o(i.FMC_WriteConfig), (100 bytes).
    Removing gpio.o(.rev16_text), (4 bytes).
    Removing gpio.o(.revsh_text), (4 bytes).
    Removing gpio.o(i.GPIO_DisableInt), (28 bytes).
    Removing gpio.o(i.GPIO_EnableInt), (26 bytes).
    Removing sys.o(.rev16_text), (4 bytes).
    Removing sys.o(.revsh_text), (4 bytes).
    Removing sys.o(i.SYS_ClearResetSrc), (16 bytes).
    Removing sys.o(i.SYS_DisableBOD), (18 bytes).
    Removing sys.o(i.SYS_EnableBOD), (50 bytes).
    Removing sys.o(i.SYS_GetBODStatus), (14 bytes).
    Removing sys.o(i.SYS_GetResetSrc), (8 bytes).
    Removing sys.o(i.SYS_IsRegLocked), (20 bytes).
    Removing sys.o(i.SYS_ReadPDID), (8 bytes).
    Removing sys.o(i.SYS_ResetCPU), (18 bytes).
    Removing sys.o(i.SYS_ResetChip), (18 bytes).
    Removing timer.o(.rev16_text), (4 bytes).
    Removing timer.o(.revsh_text), (4 bytes).
    Removing timer.o(i.TIMER_Close), (8 bytes).
    Removing timer.o(i.TIMER_Delay), (272 bytes).
    Removing timer.o(i.TIMER_DisableCapture), (10 bytes).
    Removing timer.o(i.TIMER_DisableEventCounter), (12 bytes).
    Removing timer.o(i.TIMER_EnableCapture), (20 bytes).
    Removing timer.o(i.TIMER_EnableEventCounter), (22 bytes).
    Removing uart.o(.rev16_text), (4 bytes).
    Removing uart.o(.revsh_text), (4 bytes).
    Removing uart.o(i.NVIC_DisableIRQ), (20 bytes).
    Removing uart.o(i.NVIC_EnableIRQ), (20 bytes).
    Removing uart.o(i.UART_ClearIntFlag), (80 bytes).
    Removing uart.o(i.UART_Close), (6 bytes).
    Removing uart.o(i.UART_DisableFlowCtrl), (12 bytes).
    Removing uart.o(i.UART_DisableInt), (56 bytes).
    Removing uart.o(i.UART_EnableFlowCtrl), (30 bytes).
    Removing uart.o(i.UART_EnableInt), (56 bytes).
    Removing uart.o(i.UART_Read), (54 bytes).
    Removing uart.o(i.UART_SelectIrDAMode), (164 bytes).
    Removing uart.o(i.UART_SelectLINMode), (26 bytes).
    Removing uart.o(i.UART_SelectRS485Mode), (32 bytes).
    Removing uart.o(i.UART_SetLine_Config), (184 bytes).
    Removing uart.o(i.UART_SetTimeoutCnt), (22 bytes).
    Removing uart.o(i.UART_Write), (54 bytes).
    Removing petitmodbusport.o(.rev16_text), (4 bytes).
    Removing petitmodbusport.o(.revsh_text), (4 bytes).

87 unused section(s) (total 2336 bytes) removed from the image.

==============================================================================

Image Symbol Table

    Local Symbols

    Symbol Name                              Value     Ov Type        Size  Object(Section)

    RESET                                    0x00000000   Section      192  startup_nuc230_240.o(RESET)
    ../clib/angel/boardlib.s                 0x00000000   Number         0  boardinit1.o ABSOLUTE
    ../clib/angel/boardlib.s                 0x00000000   Number         0  boardinit2.o ABSOLUTE
    ../clib/angel/boardlib.s                 0x00000000   Number         0  boardinit3.o ABSOLUTE
    ../clib/angel/boardlib.s                 0x00000000   Number         0  boardshut.o ABSOLUTE
    ../clib/angel/handlers.s                 0x00000000   Number         0  __scatter_zi.o ABSOLUTE
    ../clib/angel/handlers.s                 0x00000000   Number         0  __scatter_copy.o ABSOLUTE
    ../clib/angel/kernel.s                   0x00000000   Number         0  rtexit.o ABSOLUTE
    ../clib/angel/kernel.s                   0x00000000   Number         0  __rtentry2.o ABSOLUTE
    ../clib/angel/kernel.s                   0x00000000   Number         0  rtexit2.o ABSOLUTE
    ../clib/angel/kernel.s                   0x00000000   Number         0  __rtentry.o ABSOLUTE
    ../clib/angel/kernel.s                   0x00000000   Number         0  __rtentry4.o ABSOLUTE
    ../clib/angel/rt.s                       0x00000000   Number         0  rt_div0.o ABSOLUTE
    ../clib/angel/rt.s                       0x00000000   Number         0  rt_raise.o ABSOLUTE
    ../clib/angel/rt.s                       0x00000000   Number         0  aeabi_idiv0.o ABSOLUTE
    ../clib/angel/rt.s                       0x00000000   Number         0  aeabi_idiv0_sigfpe.o ABSOLUTE
    ../clib/angel/scatterp.s                 0x00000000   Number         0  __scatter.o ABSOLUTE
    ../clib/angel/startup.s                  0x00000000   Number         0  __main.o ABSOLUTE
    ../clib/angel/sys.s                      0x00000000   Number         0  indicate_semi.o ABSOLUTE
    ../clib/angel/sys.s                      0x00000000   Number         0  use_no_semi.o ABSOLUTE
    ../clib/angel/sys.s                      0x00000000   Number         0  sys_stackheap_outer.o ABSOLUTE
    ../clib/angel/sys.s                      0x00000000   Number         0  libspace.o ABSOLUTE
    ../clib/angel/sys.s                      0x00000000   Number         0  tempstk.o ABSOLUTE
    ../clib/angel/sysapp.c                   0x00000000   Number         0  sys_wrch.o ABSOLUTE
    ../clib/angel/sysapp.c                   0x00000000   Number         0  sys_exit.o ABSOLUTE
    ../clib/angel/sysapp.c                   0x00000000   Number         0  sys_command.o ABSOLUTE
    ../clib/armsys.c                         0x00000000   Number         0  argv_veneer.o ABSOLUTE
    ../clib/armsys.c                         0x00000000   Number         0  no_argv.o ABSOLUTE
    ../clib/armsys.c                         0x00000000   Number         0  _get_argv_nomalloc.o ABSOLUTE
    ../clib/division.s                       0x00000000   Number         0  aeabi_sdiv_div0.o ABSOLUTE
    ../clib/division.s                       0x00000000   Number         0  aeabi_sdiv.o ABSOLUTE
    ../clib/heapalloc.c                      0x00000000   Number         0  hrguard.o ABSOLUTE
    ../clib/heapaux.c                        0x00000000   Number         0  heapauxi.o ABSOLUTE
    ../clib/libinit.s                        0x00000000   Number         0  libshutdown2.o ABSOLUTE
    ../clib/libinit.s                        0x00000000   Number         0  libinit.o ABSOLUTE
    ../clib/libinit.s                        0x00000000   Number         0  libinit2.o ABSOLUTE
    ../clib/libinit.s                        0x00000000   Number         0  libshutdown.o ABSOLUTE
    ../clib/memcpset.c                       0x00000000   Number         0  rt_memcpy.o ABSOLUTE
    ../clib/memcpset.c                       0x00000000   Number         0  rt_memcpy.o ABSOLUTE
    ../clib/signal.c                         0x00000000   Number         0  defsig_other.o ABSOLUTE
    ../clib/signal.c                         0x00000000   Number         0  defsig_segv_inner.o ABSOLUTE
    ../clib/signal.c                         0x00000000   Number         0  defsig_cppl_inner.o ABSOLUTE
    ../clib/signal.c                         0x00000000   Number         0  defsig_fpe_outer.o ABSOLUTE
    ../clib/signal.c                         0x00000000   Number         0  defsig_stak_inner.o ABSOLUTE
    ../clib/signal.c                         0x00000000   Number         0  defsig_rtmem_formal.o ABSOLUTE
    ../clib/signal.c                         0x00000000   Number         0  defsig_rtmem_outer.o ABSOLUTE
    ../clib/signal.c                         0x00000000   Number         0  defsig_rtmem_inner.o ABSOLUTE
    ../clib/signal.c                         0x00000000   Number         0  defsig_pvfn_inner.o ABSOLUTE
    ../clib/signal.c                         0x00000000   Number         0  defsig_abrt_inner.o ABSOLUTE
    ../clib/signal.c                         0x00000000   Number         0  defsig_fpe_inner.o ABSOLUTE
    ../clib/signal.c                         0x00000000   Number         0  defsig_general.o ABSOLUTE
    ../clib/signal.c                         0x00000000   Number         0  __raise.o ABSOLUTE
    ../clib/signal.c                         0x00000000   Number         0  defsig_exit.o ABSOLUTE
    ../clib/signal.c                         0x00000000   Number         0  defsig_fpe_formal.o ABSOLUTE
    ../clib/signal.c                         0x00000000   Number         0  defsig_rtred_inner.o ABSOLUTE
    ../clib/signal.s                         0x00000000   Number         0  defsig.o ABSOLUTE
    ../clib/stdlib.c                         0x00000000   Number         0  exit.o ABSOLUTE
    ../fplib/cfplib/fpinit.c                 0x00000000   Number         0  fpinit.o ABSOLUTE
    ..\Library\Device\Nuvoton\NUC230_240\Source\ARM\startup_NUC230_240.s 0x00000000   Number         0  startup_nuc230_240.o ABSOLUTE
    ..\Library\Device\Nuvoton\NUC230_240\Source\system_NUC230_240.c 0x00000000   Number         0  system_nuc230_240.o ABSOLUTE
    ..\Library\StdDriver\src\clk.c           0x00000000   Number         0  clk.o ABSOLUTE
    ..\Library\StdDriver\src\fmc.c           0x00000000   Number         0  fmc.o ABSOLUTE
    ..\Library\StdDriver\src\gpio.c          0x00000000   Number         0  gpio.o ABSOLUTE
    ..\Library\StdDriver\src\sys.c           0x00000000   Number         0  sys.o ABSOLUTE
    ..\Library\StdDriver\src\timer.c         0x00000000   Number         0  timer.o ABSOLUTE
    ..\Library\StdDriver\src\uart.c          0x00000000   Number         0  uart.o ABSOLUTE
    ..\\Library\\Device\\Nuvoton\\NUC230_240\\Source\\system_NUC230_240.c 0x00000000   Number         0  system_nuc230_240.o ABSOLUTE
    ..\\Library\\StdDriver\\src\\clk.c       0x00000000   Number         0  clk.o ABSOLUTE
    ..\\Library\\StdDriver\\src\\fmc.c       0x00000000   Number         0  fmc.o ABSOLUTE
    ..\\Library\\StdDriver\\src\\gpio.c      0x00000000   Number         0  gpio.o ABSOLUTE
    ..\\Library\\StdDriver\\src\\sys.c       0x00000000   Number         0  sys.o ABSOLUTE
    ..\\Library\\StdDriver\\src\\timer.c     0x00000000   Number         0  timer.o ABSOLUTE
    ..\\Library\\StdDriver\\src\\uart.c      0x00000000   Number         0  uart.o ABSOLUTE
    Init.c                                   0x00000000   Number         0  init.o ABSOLUTE
    Init.c                                   0x00000000   Number         0  init.o ABSOLUTE
    Interrupt.c                              0x00000000   Number         0  interrupt.o ABSOLUTE
    Interrupt.c                              0x00000000   Number         0  interrupt.o ABSOLUTE
    PG_FP6.c                                 0x00000000   Number         0  pg_fp6.o ABSOLUTE
    PG_FP6.c                                 0x00000000   Number         0  pg_fp6.o ABSOLUTE
    PetitModbus.c                            0x00000000   Number         0  petitmodbus.o ABSOLUTE
    PetitModbusPort.c                        0x00000000   Number         0  petitmodbusport.o ABSOLUTE
    PetitModbusPort.c                        0x00000000   Number         0  petitmodbusport.o ABSOLUTE
    PetitRegConstant.c                       0x00000000   Number         0  petitregconstant.o ABSOLUTE
    dc.s                                     0x00000000   Number         0  dc.o ABSOLUTE
    main.c                                   0x00000000   Number         0  main.o ABSOLUTE
    main.c                                   0x00000000   Number         0  main.o ABSOLUTE
    user.c                                   0x00000000   Number         0  user.o ABSOLUTE
    user.c                                   0x00000000   Number         0  user.o ABSOLUTE
    !!!main                                  0x000000c0   Section        8  __main.o(!!!main)
    !!!scatter                               0x000000c8   Section       60  __scatter.o(!!!scatter)
    !!handler_copy                           0x00000104   Section       26  __scatter_copy.o(!!handler_copy)
    !!handler_zi                             0x00000120   Section       28  __scatter_zi.o(!!handler_zi)
    .ARM.Collect$$libinit$$00000000          0x0000013c   Section        2  libinit.o(.ARM.Collect$$libinit$$00000000)
    .ARM.Collect$$libinit$$00000002          0x0000013e   Section        0  libinit2.o(.ARM.Collect$$libinit$$00000002)
    .ARM.Collect$$libinit$$00000004          0x0000013e   Section        0  libinit2.o(.ARM.Collect$$libinit$$00000004)
    .ARM.Collect$$libinit$$0000000A          0x0000013e   Section        0  libinit2.o(.ARM.Collect$$libinit$$0000000A)
    .ARM.Collect$$libinit$$0000000C          0x0000013e   Section        0  libinit2.o(.ARM.Collect$$libinit$$0000000C)
    .ARM.Collect$$libinit$$0000000E          0x0000013e   Section        0  libinit2.o(.ARM.Collect$$libinit$$0000000E)
    .ARM.Collect$$libinit$$00000011          0x0000013e   Section        0  libinit2.o(.ARM.Collect$$libinit$$00000011)
    .ARM.Collect$$libinit$$00000013          0x0000013e   Section        0  libinit2.o(.ARM.Collect$$libinit$$00000013)
    .ARM.Collect$$libinit$$00000015          0x0000013e   Section        0  libinit2.o(.ARM.Collect$$libinit$$00000015)
    .ARM.Collect$$libinit$$00000017          0x0000013e   Section        0  libinit2.o(.ARM.Collect$$libinit$$00000017)
    .ARM.Collect$$libinit$$00000019          0x0000013e   Section        0  libinit2.o(.ARM.Collect$$libinit$$00000019)
    .ARM.Collect$$libinit$$0000001B          0x0000013e   Section        0  libinit2.o(.ARM.Collect$$libinit$$0000001B)
    .ARM.Collect$$libinit$$0000001D          0x0000013e   Section        0  libinit2.o(.ARM.Collect$$libinit$$0000001D)
    .ARM.Collect$$libinit$$0000001F          0x0000013e   Section        0  libinit2.o(.ARM.Collect$$libinit$$0000001F)
    .ARM.Collect$$libinit$$00000021          0x0000013e   Section        0  libinit2.o(.ARM.Collect$$libinit$$00000021)
    .ARM.Collect$$libinit$$00000023          0x0000013e   Section        0  libinit2.o(.ARM.Collect$$libinit$$00000023)
    .ARM.Collect$$libinit$$00000025          0x0000013e   Section        0  libinit2.o(.ARM.Collect$$libinit$$00000025)
    .ARM.Collect$$libinit$$0000002C          0x0000013e   Section        0  libinit2.o(.ARM.Collect$$libinit$$0000002C)
    .ARM.Collect$$libinit$$0000002E          0x0000013e   Section        0  libinit2.o(.ARM.Collect$$libinit$$0000002E)
    .ARM.Collect$$libinit$$00000030          0x0000013e   Section        0  libinit2.o(.ARM.Collect$$libinit$$00000030)
    .ARM.Collect$$libinit$$00000032          0x0000013e   Section        0  libinit2.o(.ARM.Collect$$libinit$$00000032)
    .ARM.Collect$$libinit$$00000033          0x0000013e   Section        2  libinit2.o(.ARM.Collect$$libinit$$00000033)
    .ARM.Collect$$libshutdown$$00000000      0x00000140   Section        2  libshutdown.o(.ARM.Collect$$libshutdown$$00000000)
    .ARM.Collect$$libshutdown$$00000002      0x00000142   Section        0  libshutdown2.o(.ARM.Collect$$libshutdown$$00000002)
    .ARM.Collect$$libshutdown$$00000004      0x00000142   Section        0  libshutdown2.o(.ARM.Collect$$libshutdown$$00000004)
    .ARM.Collect$$libshutdown$$00000007      0x00000142   Section        0  libshutdown2.o(.ARM.Collect$$libshutdown$$00000007)
    .ARM.Collect$$libshutdown$$0000000A      0x00000142   Section        0  libshutdown2.o(.ARM.Collect$$libshutdown$$0000000A)
    .ARM.Collect$$libshutdown$$0000000C      0x00000142   Section        0  libshutdown2.o(.ARM.Collect$$libshutdown$$0000000C)
    .ARM.Collect$$libshutdown$$0000000F      0x00000142   Section        0  libshutdown2.o(.ARM.Collect$$libshutdown$$0000000F)
    .ARM.Collect$$libshutdown$$00000010      0x00000142   Section        2  libshutdown2.o(.ARM.Collect$$libshutdown$$00000010)
    .ARM.Collect$$rtentry$$00000000          0x00000144   Section        0  __rtentry.o(.ARM.Collect$$rtentry$$00000000)
    .ARM.Collect$$rtentry$$00000002          0x00000144   Section        0  __rtentry2.o(.ARM.Collect$$rtentry$$00000002)
    .ARM.Collect$$rtentry$$00000004          0x00000144   Section        6  __rtentry4.o(.ARM.Collect$$rtentry$$00000004)
    .ARM.Collect$$rtentry$$00000009          0x0000014a   Section        0  __rtentry2.o(.ARM.Collect$$rtentry$$00000009)
    .ARM.Collect$$rtentry$$0000000A          0x0000014a   Section        4  __rtentry2.o(.ARM.Collect$$rtentry$$0000000A)
    .ARM.Collect$$rtentry$$0000000C          0x0000014e   Section        0  __rtentry2.o(.ARM.Collect$$rtentry$$0000000C)
    .ARM.Collect$$rtentry$$0000000D          0x0000014e   Section        8  __rtentry2.o(.ARM.Collect$$rtentry$$0000000D)
    .ARM.Collect$$rtexit$$00000000           0x00000156   Section        2  rtexit.o(.ARM.Collect$$rtexit$$00000000)
    .ARM.Collect$$rtexit$$00000002           0x00000158   Section        0  rtexit2.o(.ARM.Collect$$rtexit$$00000002)
    .ARM.Collect$$rtexit$$00000003           0x00000158   Section        4  rtexit2.o(.ARM.Collect$$rtexit$$00000003)
    .ARM.Collect$$rtexit$$00000004           0x0000015c   Section        6  rtexit2.o(.ARM.Collect$$rtexit$$00000004)
    .emb_text                                0x00000164   Section       56  rt_memcpy.o(.emb_text)
    .text                                    0x0000019c   Section      100  startup_nuc230_240.o(.text)
    Default_Handler                          0x000001c7   Thumb Code     2  startup_nuc230_240.o(.text)
    .text                                    0x00000200   Section      346  aeabi_sdiv.o(.text)
    .text                                    0x0000035a   Section        0  heapauxi.o(.text)
    .text                                    0x00000360   Section       62  sys_stackheap_outer.o(.text)
    .text                                    0x0000039e   Section        0  exit.o(.text)
    .text                                    0x000003b0   Section        8  libspace.o(.text)
    .text                                    0x000003b8   Section        0  sys_exit.o(.text)
    .text                                    0x000003c4   Section        2  use_no_semi.o(.text)
    .text                                    0x000003c6   Section        0  indicate_semi.o(.text)
    i.Buzzer                                 0x000003c8   Section        0  init.o(i.Buzzer)
    i.CLK_EnableModuleClock                  0x0000040c   Section        0  clk.o(i.CLK_EnableModuleClock)
    i.CLK_EnablePLL                          0x00000448   Section        0  clk.o(i.CLK_EnablePLL)
    i.CLK_EnableXtalRC                       0x000005cc   Section        0  clk.o(i.CLK_EnableXtalRC)
    i.CLK_GetPLLClockFreq                    0x000005dc   Section        0  system_nuc230_240.o(i.CLK_GetPLLClockFreq)
    CLK_GetPLLClockFreq                      0x000005dd   Thumb Code   112  system_nuc230_240.o(i.CLK_GetPLLClockFreq)
    i.CLK_GetPLLClockFreq                    0x0000065c   Section        0  clk.o(i.CLK_GetPLLClockFreq)
    CLK_GetPLLClockFreq                      0x0000065d   Thumb Code   112  clk.o(i.CLK_GetPLLClockFreq)
    i.CLK_GetPLLClockFreq                    0x000006dc   Section        0  uart.o(i.CLK_GetPLLClockFreq)
    CLK_GetPLLClockFreq                      0x000006dd   Thumb Code   112  uart.o(i.CLK_GetPLLClockFreq)
    i.CLK_SetCoreClock                       0x0000075c   Section        0  clk.o(i.CLK_SetCoreClock)
    i.CLK_SetHCLK                            0x00000850   Section        0  clk.o(i.CLK_SetHCLK)
    i.CLK_SetModuleClock                     0x000008bc   Section        0  clk.o(i.CLK_SetModuleClock)
    i.CLK_WaitClockReady                     0x000009c4   Section        0  clk.o(i.CLK_WaitClockReady)
    i.CheckPetitModbusBufferComplete         0x000009ec   Section        0  petitmodbus.o(i.CheckPetitModbusBufferComplete)
    i.GPIO_SetMode                           0x00000a84   Section        0  gpio.o(i.GPIO_SetMode)
    i.HandleMPetitodbusWriteMultipleRegisters 0x00000ab4   Section        0  petitmodbus.o(i.HandleMPetitodbusWriteMultipleRegisters)
    i.HandlePetitModbusError                 0x00000b60   Section        0  petitmodbus.o(i.HandlePetitModbusError)
    i.HandlePetitModbusReadHoldingRegisters  0x00000b88   Section        0  petitmodbus.o(i.HandlePetitModbusReadHoldingRegisters)
    i.HandlePetitModbusWriteSingleRegister   0x00000c30   Section        0  petitmodbus.o(i.HandlePetitModbusWriteSingleRegister)
    i.IO_Init                                0x00000ca8   Section        0  init.o(i.IO_Init)
    i.InitPetitModbus                        0x00000d5c   Section        0  petitmodbus.o(i.InitPetitModbus)
    i.NVIC_EnableIRQ                         0x00000d74   Section        0  init.o(i.NVIC_EnableIRQ)
    NVIC_EnableIRQ                           0x00000d75   Thumb Code    14  init.o(i.NVIC_EnableIRQ)
    i.PG_FP6_Controller                      0x00000d88   Section        0  pg_fp6.o(i.PG_FP6_Controller)
    i.PetitModBus_TIMER_Initialise           0x00000e30   Section        0  petitmodbusport.o(i.PetitModBus_TIMER_Initialise)
    i.PetitModBus_TimerValues                0x00000e38   Section        0  petitmodbusport.o(i.PetitModBus_TimerValues)
    i.PetitModBus_UART_Initialise            0x00000e48   Section        0  petitmodbusport.o(i.PetitModBus_UART_Initialise)
    i.PetitModBus_UART_Putch                 0x00000e50   Section        0  petitmodbusport.o(i.PetitModBus_UART_Putch)
    i.PetitModBus_UART_String                0x00000e6c   Section        0  petitmodbusport.o(i.PetitModBus_UART_String)
    i.PetitSendMessage                       0x00000e88   Section        0  petitmodbus.o(i.PetitSendMessage)
    i.Petit_CRC16                            0x00000eac   Section        0  petitmodbus.o(i.Petit_CRC16)
    i.Petit_CheckRxTimeout                   0x00000ee0   Section        0  petitmodbus.o(i.Petit_CheckRxTimeout)
    i.Petit_DoSlaveTX                        0x00000f04   Section        0  petitmodbus.o(i.Petit_DoSlaveTX)
    i.Petit_RxDataAvailable                  0x00000f24   Section        0  petitmodbus.o(i.Petit_RxDataAvailable)
    i.Petit_RxRTU                            0x00000f34   Section        0  petitmodbus.o(i.Petit_RxRTU)
    i.Petit_TxRTU                            0x00001038   Section        0  petitmodbus.o(i.Petit_TxRTU)
    i.ProcessPetitModbus                     0x00001124   Section        0  petitmodbus.o(i.ProcessPetitModbus)
    i.ReceiveInterrupt                       0x00001188   Section        0  petitmodbusport.o(i.ReceiveInterrupt)
    i.SYS_Init                               0x000011bc   Section        0  init.o(i.SYS_Init)
    i.SYS_ResetModule                        0x0000125c   Section        0  sys.o(i.SYS_ResetModule)
    i.SystemCoreClockUpdate                  0x0000128c   Section        0  system_nuc230_240.o(i.SystemCoreClockUpdate)
    i.SystemInit                             0x000012f0   Section        0  system_nuc230_240.o(i.SystemInit)
    i.TIMER0_Init                            0x000012f4   Section        0  init.o(i.TIMER0_Init)
    i.TIMER_GetModuleClock                   0x00001334   Section        0  timer.o(i.TIMER_GetModuleClock)
    i.TIMER_Open                             0x000013b8   Section        0  timer.o(i.TIMER_Open)
    i.TMR0_IRQHandler                        0x00001430   Section        0  interrupt.o(i.TMR0_IRQHandler)
    i.UART02_IRQHandler                      0x000014a4   Section        0  interrupt.o(i.UART02_IRQHandler)
    i.UART0_Init                             0x000014c4   Section        0  init.o(i.UART0_Init)
    i.UART_Open                              0x000014f4   Section        0  uart.o(i.UART_Open)
    i.main                                   0x000015ac   Section        0  main.o(i.main)
    .constdata                               0x000015d4   Section       56  clk.o(.constdata)
    .constdata                               0x0000160c   Section       32  timer.o(.constdata)
    .constdata                               0x0000162c   Section       48  uart.o(.constdata)
    .data                                    0x20000000   Section       44  system_nuc230_240.o(.data)
    .data                                    0x2000002c   Section        6  user.o(.data)
    .data                                    0x20000034   Section       28  petitmodbus.o(.data)
    .data                                    0x20000050   Section        1  petitmodbusport.o(.data)
    .bss                                     0x20000054   Section      320  petitmodbus.o(.bss)
    .bss                                     0x20000194   Section      104  petitmodbusport.o(.bss)
    .bss                                     0x200001fc   Section       94  petitregconstant.o(.bss)
    .bss                                     0x2000025c   Section       96  libspace.o(.bss)
    HEAP                                     0x200002c0   Section        0  startup_nuc230_240.o(HEAP)
    STACK                                    0x200002c0   Section     1024  startup_nuc230_240.o(STACK)
    Heap_Mem                                 0x200002c0   Data           0  startup_nuc230_240.o(HEAP)
    Stack_Mem                                0x200002c0   Data        1024  startup_nuc230_240.o(STACK)
    __initial_sp                             0x200006c0   Data           0  startup_nuc230_240.o(STACK)

    Global Symbols

    Symbol Name                              Value     Ov Type        Size  Object(Section)

    BuildAttributes$$THM_ISAv3M$S$PE$A:L22$X:L11$S22$IEEE1$IW$USESV6$~STKCKD$USESV7$~SHL$OSPACE$ROPI$EBA8$UX$STANDARDLIB$REQ8$PRES8$EABIv2 0x00000000   Number         0  anon$$obj.o ABSOLUTE
    __ARM_use_no_argv                        0x00000000   Number         0  main.o ABSOLUTE
    __Vectors                                0x00000000   Data           4  startup_nuc230_240.o(RESET)
    __ARM_exceptions_init                     - Undefined Weak Reference
    __alloca_initialize                       - Undefined Weak Reference
    __arm_preinit_                            - Undefined Weak Reference
    __cpp_initialize__aeabi_                  - Undefined Weak Reference
    __cxa_finalize                            - Undefined Weak Reference
    __rt_locale                               - Undefined Weak Reference
    __sigvec_lookup                           - Undefined Weak Reference
    _atexit_init                              - Undefined Weak Reference
    _call_atexit_fns                          - Undefined Weak Reference
    _clock_init                               - Undefined Weak Reference
    _fp_trap_init                             - Undefined Weak Reference
    _fp_trap_shutdown                         - Undefined Weak Reference
    _get_lc_collate                           - Undefined Weak Reference
    _get_lc_ctype                             - Undefined Weak Reference
    _get_lc_monetary                          - Undefined Weak Reference
    _get_lc_numeric                           - Undefined Weak Reference
    _get_lc_time                              - Undefined Weak Reference
    _getenv_init                              - Undefined Weak Reference
    _handle_redirection                       - Undefined Weak Reference
    _init_alloc                               - Undefined Weak Reference
    _init_user_alloc                          - Undefined Weak Reference
    _initio                                   - Undefined Weak Reference
    _rand_init                                - Undefined Weak Reference
    _signal_finish                            - Undefined Weak Reference
    _signal_init                              - Undefined Weak Reference
    _terminate_alloc                          - Undefined Weak Reference
    _terminate_user_alloc                     - Undefined Weak Reference
    _terminateio                              - Undefined Weak Reference
    __main                                   0x000000c1   Thumb Code     8  __main.o(!!!main)
    __scatterload                            0x000000c9   Thumb Code     0  __scatter.o(!!!scatter)
    __scatterload_rt2                        0x000000c9   Thumb Code    52  __scatter.o(!!!scatter)
    __scatterload_rt2_thumb_only             0x000000c9   Thumb Code     0  __scatter.o(!!!scatter)
    __scatterload_null                       0x000000d9   Thumb Code     0  __scatter.o(!!!scatter)
    __scatterload_copy                       0x00000105   Thumb Code    26  __scatter_copy.o(!!handler_copy)
    __scatterload_zeroinit                   0x00000121   Thumb Code    28  __scatter_zi.o(!!handler_zi)
    __rt_lib_init                            0x0000013d   Thumb Code     0  libinit.o(.ARM.Collect$$libinit$$00000000)
    __rt_lib_init_alloca_1                   0x0000013f   Thumb Code     0  libinit2.o(.ARM.Collect$$libinit$$0000002E)
    __rt_lib_init_argv_1                     0x0000013f   Thumb Code     0  libinit2.o(.ARM.Collect$$libinit$$0000002C)
    __rt_lib_init_atexit_1                   0x0000013f   Thumb Code     0  libinit2.o(.ARM.Collect$$libinit$$0000001B)
    __rt_lib_init_clock_1                    0x0000013f   Thumb Code     0  libinit2.o(.ARM.Collect$$libinit$$00000021)
    __rt_lib_init_cpp_1                      0x0000013f   Thumb Code     0  libinit2.o(.ARM.Collect$$libinit$$00000032)
    __rt_lib_init_exceptions_1               0x0000013f   Thumb Code     0  libinit2.o(.ARM.Collect$$libinit$$00000030)
    __rt_lib_init_fp_1                       0x0000013f   Thumb Code     0  libinit2.o(.ARM.Collect$$libinit$$00000002)
    __rt_lib_init_fp_trap_1                  0x0000013f   Thumb Code     0  libinit2.o(.ARM.Collect$$libinit$$0000001F)
    __rt_lib_init_getenv_1                   0x0000013f   Thumb Code     0  libinit2.o(.ARM.Collect$$libinit$$00000023)
    __rt_lib_init_heap_1                     0x0000013f   Thumb Code     0  libinit2.o(.ARM.Collect$$libinit$$0000000A)
    __rt_lib_init_lc_collate_1               0x0000013f   Thumb Code     0  libinit2.o(.ARM.Collect$$libinit$$00000011)
    __rt_lib_init_lc_ctype_1                 0x0000013f   Thumb Code     0  libinit2.o(.ARM.Collect$$libinit$$00000013)
    __rt_lib_init_lc_monetary_1              0x0000013f   Thumb Code     0  libinit2.o(.ARM.Collect$$libinit$$00000015)
    __rt_lib_init_lc_numeric_1               0x0000013f   Thumb Code     0  libinit2.o(.ARM.Collect$$libinit$$00000017)
    __rt_lib_init_lc_time_1                  0x0000013f   Thumb Code     0  libinit2.o(.ARM.Collect$$libinit$$00000019)
    __rt_lib_init_preinit_1                  0x0000013f   Thumb Code     0  libinit2.o(.ARM.Collect$$libinit$$00000004)
    __rt_lib_init_rand_1                     0x0000013f   Thumb Code     0  libinit2.o(.ARM.Collect$$libinit$$0000000E)
    __rt_lib_init_return                     0x0000013f   Thumb Code     0  libinit2.o(.ARM.Collect$$libinit$$00000033)
    __rt_lib_init_signal_1                   0x0000013f   Thumb Code     0  libinit2.o(.ARM.Collect$$libinit$$0000001D)
    __rt_lib_init_stdio_1                    0x0000013f   Thumb Code     0  libinit2.o(.ARM.Collect$$libinit$$00000025)
    __rt_lib_init_user_alloc_1               0x0000013f   Thumb Code     0  libinit2.o(.ARM.Collect$$libinit$$0000000C)
    __rt_lib_shutdown                        0x00000141   Thumb Code     0  libshutdown.o(.ARM.Collect$$libshutdown$$00000000)
    __rt_lib_shutdown_cpp_1                  0x00000143   Thumb Code     0  libshutdown2.o(.ARM.Collect$$libshutdown$$00000002)
    __rt_lib_shutdown_fp_trap_1              0x00000143   Thumb Code     0  libshutdown2.o(.ARM.Collect$$libshutdown$$00000007)
    __rt_lib_shutdown_heap_1                 0x00000143   Thumb Code     0  libshutdown2.o(.ARM.Collect$$libshutdown$$0000000F)
    __rt_lib_shutdown_return                 0x00000143   Thumb Code     0  libshutdown2.o(.ARM.Collect$$libshutdown$$00000010)
    __rt_lib_shutdown_signal_1               0x00000143   Thumb Code     0  libshutdown2.o(.ARM.Collect$$libshutdown$$0000000A)
    __rt_lib_shutdown_stdio_1                0x00000143   Thumb Code     0  libshutdown2.o(.ARM.Collect$$libshutdown$$00000004)
    __rt_lib_shutdown_user_alloc_1           0x00000143   Thumb Code     0  libshutdown2.o(.ARM.Collect$$libshutdown$$0000000C)
    __rt_entry                               0x00000145   Thumb Code     0  __rtentry.o(.ARM.Collect$$rtentry$$00000000)
    __rt_entry_presh_1                       0x00000145   Thumb Code     0  __rtentry2.o(.ARM.Collect$$rtentry$$00000002)
    __rt_entry_sh                            0x00000145   Thumb Code     0  __rtentry4.o(.ARM.Collect$$rtentry$$00000004)
    __rt_entry_li                            0x0000014b   Thumb Code     0  __rtentry2.o(.ARM.Collect$$rtentry$$0000000A)
    __rt_entry_postsh_1                      0x0000014b   Thumb Code     0  __rtentry2.o(.ARM.Collect$$rtentry$$00000009)
    __rt_entry_main                          0x0000014f   Thumb Code     0  __rtentry2.o(.ARM.Collect$$rtentry$$0000000D)
    __rt_entry_postli_1                      0x0000014f   Thumb Code     0  __rtentry2.o(.ARM.Collect$$rtentry$$0000000C)
    __rt_exit                                0x00000157   Thumb Code     0  rtexit.o(.ARM.Collect$$rtexit$$00000000)
    __rt_exit_ls                             0x00000159   Thumb Code     0  rtexit2.o(.ARM.Collect$$rtexit$$00000003)
    __rt_exit_prels_1                        0x00000159   Thumb Code     0  rtexit2.o(.ARM.Collect$$rtexit$$00000002)
    __rt_exit_exit                           0x0000015d   Thumb Code     0  rtexit2.o(.ARM.Collect$$rtexit$$00000004)
    __aeabi_memcpy4                          0x00000165   Thumb Code    56  rt_memcpy.o(.emb_text)
    __aeabi_memcpy8                          0x00000165   Thumb Code     0  rt_memcpy.o(.emb_text)
    Reset_Handler                            0x0000019d   Thumb Code    32  startup_nuc230_240.o(.text)
    NMI_Handler                              0x000001bd   Thumb Code     2  startup_nuc230_240.o(.text)
    HardFault_Handler                        0x000001bf   Thumb Code     2  startup_nuc230_240.o(.text)
    SVC_Handler                              0x000001c1   Thumb Code     2  startup_nuc230_240.o(.text)
    PendSV_Handler                           0x000001c3   Thumb Code     2  startup_nuc230_240.o(.text)
    SysTick_Handler                          0x000001c5   Thumb Code     2  startup_nuc230_240.o(.text)
    ACMP_IRQHandler                          0x000001c7   Thumb Code     0  startup_nuc230_240.o(.text)
    ADC_IRQHandler                           0x000001c7   Thumb Code     0  startup_nuc230_240.o(.text)
    BOD_IRQHandler                           0x000001c7   Thumb Code     0  startup_nuc230_240.o(.text)
    CAN0_IRQHandler                          0x000001c7   Thumb Code     0  startup_nuc230_240.o(.text)
    CAN1_IRQHandler                          0x000001c7   Thumb Code     0  startup_nuc230_240.o(.text)
    EINT0_IRQHandler                         0x000001c7   Thumb Code     0  startup_nuc230_240.o(.text)
    EINT1_IRQHandler                         0x000001c7   Thumb Code     0  startup_nuc230_240.o(.text)
    GPAB_IRQHandler                          0x000001c7   Thumb Code     0  startup_nuc230_240.o(.text)
    GPCDEF_IRQHandler                        0x000001c7   Thumb Code     0  startup_nuc230_240.o(.text)
    I2C0_IRQHandler                          0x000001c7   Thumb Code     0  startup_nuc230_240.o(.text)
    I2C1_IRQHandler                          0x000001c7   Thumb Code     0  startup_nuc230_240.o(.text)
    I2S_IRQHandler                           0x000001c7   Thumb Code     0  startup_nuc230_240.o(.text)
    PDMA_IRQHandler                          0x000001c7   Thumb Code     0  startup_nuc230_240.o(.text)
    PS2_IRQHandler                           0x000001c7   Thumb Code     0  startup_nuc230_240.o(.text)
    PWMA_IRQHandler                          0x000001c7   Thumb Code     0  startup_nuc230_240.o(.text)
    PWMB_IRQHandler                          0x000001c7   Thumb Code     0  startup_nuc230_240.o(.text)
    PWRWU_IRQHandler                         0x000001c7   Thumb Code     0  startup_nuc230_240.o(.text)
    RTC_IRQHandler                           0x000001c7   Thumb Code     0  startup_nuc230_240.o(.text)
    SC012_IRQHandler                         0x000001c7   Thumb Code     0  startup_nuc230_240.o(.text)
    SPI0_IRQHandler                          0x000001c7   Thumb Code     0  startup_nuc230_240.o(.text)
    SPI1_IRQHandler                          0x000001c7   Thumb Code     0  startup_nuc230_240.o(.text)
    SPI2_IRQHandler                          0x000001c7   Thumb Code     0  startup_nuc230_240.o(.text)
    SPI3_IRQHandler                          0x000001c7   Thumb Code     0  startup_nuc230_240.o(.text)
    TMR1_IRQHandler                          0x000001c7   Thumb Code     0  startup_nuc230_240.o(.text)
    TMR2_IRQHandler                          0x000001c7   Thumb Code     0  startup_nuc230_240.o(.text)
    TMR3_IRQHandler                          0x000001c7   Thumb Code     0  startup_nuc230_240.o(.text)
    UART1_IRQHandler                         0x000001c7   Thumb Code     0  startup_nuc230_240.o(.text)
    USBD_IRQHandler                          0x000001c7   Thumb Code     0  startup_nuc230_240.o(.text)
    WDT_IRQHandler                           0x000001c7   Thumb Code     0  startup_nuc230_240.o(.text)
    __user_initial_stackheap                 0x000001c9   Thumb Code     0  startup_nuc230_240.o(.text)
    __aeabi_uidiv                            0x00000201   Thumb Code     0  aeabi_sdiv.o(.text)
    __aeabi_uidivmod                         0x00000201   Thumb Code    20  aeabi_sdiv.o(.text)
    __aeabi_idiv                             0x00000215   Thumb Code     0  aeabi_sdiv.o(.text)
    __aeabi_idivmod                          0x00000215   Thumb Code   326  aeabi_sdiv.o(.text)
    __use_two_region_memory                  0x0000035b   Thumb Code     2  heapauxi.o(.text)
    __rt_heap_escrow$2region                 0x0000035d   Thumb Code     2  heapauxi.o(.text)
    __rt_heap_expand$2region                 0x0000035f   Thumb Code     2  heapauxi.o(.text)
    __user_setup_stackheap                   0x00000361   Thumb Code    62  sys_stackheap_outer.o(.text)
    exit                                     0x0000039f   Thumb Code    16  exit.o(.text)
    __user_libspace                          0x000003b1   Thumb Code     8  libspace.o(.text)
    __user_perproc_libspace                  0x000003b1   Thumb Code     0  libspace.o(.text)
    __user_perthread_libspace                0x000003b1   Thumb Code     0  libspace.o(.text)
    _sys_exit                                0x000003b9   Thumb Code     8  sys_exit.o(.text)
    __I$use$semihosting                      0x000003c5   Thumb Code     0  use_no_semi.o(.text)
    __use_no_semihosting_swi                 0x000003c5   Thumb Code     2  use_no_semi.o(.text)
    __semihosting_library_function           0x000003c7   Thumb Code     0  indicate_semi.o(.text)
    Buzzer                                   0x000003c9   Thumb Code    60  init.o(i.Buzzer)
    CLK_EnableModuleClock                    0x0000040d   Thumb Code    52  clk.o(i.CLK_EnableModuleClock)
    CLK_EnablePLL                            0x00000449   Thumb Code   342  clk.o(i.CLK_EnablePLL)
    CLK_EnableXtalRC                         0x000005cd   Thumb Code    12  clk.o(i.CLK_EnableXtalRC)
    CLK_SetCoreClock                         0x0000075d   Thumb Code   224  clk.o(i.CLK_SetCoreClock)
    CLK_SetHCLK                              0x00000851   Thumb Code   102  clk.o(i.CLK_SetHCLK)
    CLK_SetModuleClock                       0x000008bd   Thumb Code   240  clk.o(i.CLK_SetModuleClock)
    CLK_WaitClockReady                       0x000009c5   Thumb Code    32  clk.o(i.CLK_WaitClockReady)
    CheckPetitModbusBufferComplete           0x000009ed   Thumb Code   138  petitmodbus.o(i.CheckPetitModbusBufferComplete)
    GPIO_SetMode                             0x00000a85   Thumb Code    46  gpio.o(i.GPIO_SetMode)
    HandleMPetitodbusWriteMultipleRegisters  0x00000ab5   Thumb Code   154  petitmodbus.o(i.HandleMPetitodbusWriteMultipleRegisters)
    HandlePetitModbusError                   0x00000b61   Thumb Code    32  petitmodbus.o(i.HandlePetitModbusError)
    HandlePetitModbusReadHoldingRegisters    0x00000b89   Thumb Code   152  petitmodbus.o(i.HandlePetitModbusReadHoldingRegisters)
    HandlePetitModbusWriteSingleRegister     0x00000c31   Thumb Code   102  petitmodbus.o(i.HandlePetitModbusWriteSingleRegister)
    IO_Init                                  0x00000ca9   Thumb Code   168  init.o(i.IO_Init)
    InitPetitModbus                          0x00000d5d   Thumb Code    18  petitmodbus.o(i.InitPetitModbus)
    PG_FP6_Controller                        0x00000d89   Thumb Code   146  pg_fp6.o(i.PG_FP6_Controller)
    PetitModBus_TIMER_Initialise             0x00000e31   Thumb Code     8  petitmodbusport.o(i.PetitModBus_TIMER_Initialise)
    PetitModBus_TimerValues                  0x00000e39   Thumb Code    12  petitmodbusport.o(i.PetitModBus_TimerValues)
    PetitModBus_UART_Initialise              0x00000e49   Thumb Code     8  petitmodbusport.o(i.PetitModBus_UART_Initialise)
    PetitModBus_UART_Putch                   0x00000e51   Thumb Code    22  petitmodbusport.o(i.PetitModBus_UART_Putch)
    PetitModBus_UART_String                  0x00000e6d   Thumb Code    28  petitmodbusport.o(i.PetitModBus_UART_String)
    PetitSendMessage                         0x00000e89   Thumb Code    28  petitmodbus.o(i.PetitSendMessage)
    Petit_CRC16                              0x00000ead   Thumb Code    48  petitmodbus.o(i.Petit_CRC16)
    Petit_CheckRxTimeout                     0x00000ee1   Thumb Code    26  petitmodbus.o(i.Petit_CheckRxTimeout)
    Petit_DoSlaveTX                          0x00000f05   Thumb Code    22  petitmodbus.o(i.Petit_DoSlaveTX)
    Petit_RxDataAvailable                    0x00000f25   Thumb Code    12  petitmodbus.o(i.Petit_RxDataAvailable)
    Petit_RxRTU                              0x00000f35   Thumb Code   232  petitmodbus.o(i.Petit_RxRTU)
    Petit_TxRTU                              0x00001039   Thumb Code   206  petitmodbus.o(i.Petit_TxRTU)
    ProcessPetitModbus                       0x00001125   Thumb Code    86  petitmodbus.o(i.ProcessPetitModbus)
    ReceiveInterrupt                         0x00001189   Thumb Code    38  petitmodbusport.o(i.ReceiveInterrupt)
    SYS_Init                                 0x000011bd   Thumb Code   144  init.o(i.SYS_Init)
    SYS_ResetModule                          0x0000125d   Thumb Code    48  sys.o(i.SYS_ResetModule)
    SystemCoreClockUpdate                    0x0000128d   Thumb Code    76  system_nuc230_240.o(i.SystemCoreClockUpdate)
    SystemInit                               0x000012f1   Thumb Code     2  system_nuc230_240.o(i.SystemInit)
    TIMER0_Init                              0x000012f5   Thumb Code    60  init.o(i.TIMER0_Init)
    TIMER_GetModuleClock                     0x00001335   Thumb Code   110  timer.o(i.TIMER_GetModuleClock)
    TIMER_Open                               0x000013b9   Thumb Code   118  timer.o(i.TIMER_Open)
    TMR0_IRQHandler                          0x00001431   Thumb Code    94  interrupt.o(i.TMR0_IRQHandler)
    UART02_IRQHandler                        0x000014a5   Thumb Code    26  interrupt.o(i.UART02_IRQHandler)
    UART0_Init                               0x000014c5   Thumb Code    38  init.o(i.UART0_Init)
    UART_Open                                0x000014f5   Thumb Code   166  uart.o(i.UART_Open)
    main                                     0x000015ad   Thumb Code    36  main.o(i.main)
    Region$$Table$$Base                      0x0000165c   Number         0  anon$$obj.o(Region$$Table)
    Region$$Table$$Limit                     0x0000167c   Number         0  anon$$obj.o(Region$$Table)
    SystemCoreClock                          0x20000000   Data           4  system_nuc230_240.o(.data)
    CyclesPerUs                              0x20000004   Data           4  system_nuc230_240.o(.data)
    PllClock                                 0x20000008   Data           4  system_nuc230_240.o(.data)
    gau32ClkSrcTbl                           0x2000000c   Data          32  system_nuc230_240.o(.data)
    Timer_Tick_Counter                       0x2000002c   Data           2  user.o(.data)
    Timer_Tick_Command_Start                 0x2000002e   Data           2  user.o(.data)
    Timer_Tick_Command_CLR                   0x20000030   Data           2  user.o(.data)
    PETITMODBUS_SLAVE_ADDRESS                0x20000034   Data           1  petitmodbus.o(.data)
    Petit_Tx_Current                         0x20000038   Data           4  petitmodbus.o(.data)
    Petit_Tx_CRC16                           0x2000003c   Data           4  petitmodbus.o(.data)
    Petit_Tx_State                           0x20000040   Data           1  petitmodbus.o(.data)
    Petit_Tx_Buf_Size                        0x20000044   Data           4  petitmodbus.o(.data)
    Petit_Rx_CRC16                           0x20000048   Data           4  petitmodbus.o(.data)
    Petit_Rx_State                           0x2000004c   Data           1  petitmodbus.o(.data)
    Petit_Rx_Data_Available                  0x2000004d   Data           1  petitmodbus.o(.data)
    PetitModbusTimerValue                    0x2000004e   Data           2  petitmodbus.o(.data)
    PetitReceiveCounter                      0x20000050   Data           1  petitmodbusport.o(.data)
    Petit_Tx_Data                            0x20000054   Data         108  petitmodbus.o(.bss)
    Petit_Tx_Buf                             0x200000c0   Data         104  petitmodbus.o(.bss)
    Petit_Rx_Data                            0x20000128   Data         108  petitmodbus.o(.bss)
    PetitReceiveBuffer                       0x20000194   Data         104  petitmodbusport.o(.bss)
    PetitRegisters                           0x200001fc   Data          94  petitregconstant.o(.bss)
    __libspace_start                         0x2000025c   Data          96  libspace.o(.bss)
    __temporary_stack_top$libspace           0x200002bc   Data           0  libspace.o(.bss)



==============================================================================

Memory Map of the image

  Image Entry point : 0x0000019d

  Load Region LR_1 (Base: 0x00000000, Size: 0x000016d0, Max: 0xffffffff, ABSOLUTE)

    Execution Region ER_RO (Exec base: 0x00000000, Load base: 0x00000000, Size: 0x0000167c, Max: 0xffffffff, ABSOLUTE)

    Exec Addr    Load Addr    Size         Type   Attr      Idx    E Section Name        Object

    0x00000000   0x00000000   0x000000c0   Data   RO          128    RESET               startup_nuc230_240.o
    0x000000c0   0x000000c0   0x00000008   Code   RO         1083  * !!!main             c_p.l(__main.o)
    0x000000c8   0x000000c8   0x0000003c   Code   RO         1252    !!!scatter          c_p.l(__scatter.o)
    0x00000104   0x00000104   0x0000001a   Code   RO         1254    !!handler_copy      c_p.l(__scatter_copy.o)
    0x0000011e   0x0000011e   0x00000002   PAD
    0x00000120   0x00000120   0x0000001c   Code   RO         1256    !!handler_zi        c_p.l(__scatter_zi.o)
    0x0000013c   0x0000013c   0x00000002   Code   RO         1121    .ARM.Collect$$libinit$$00000000  c_p.l(libinit.o)
    0x0000013e   0x0000013e   0x00000000   Code   RO         1135    .ARM.Collect$$libinit$$00000002  c_p.l(libinit2.o)
    0x0000013e   0x0000013e   0x00000000   Code   RO         1137    .ARM.Collect$$libinit$$00000004  c_p.l(libinit2.o)
    0x0000013e   0x0000013e   0x00000000   Code   RO         1140    .ARM.Collect$$libinit$$0000000A  c_p.l(libinit2.o)
    0x0000013e   0x0000013e   0x00000000   Code   RO         1142    .ARM.Collect$$libinit$$0000000C  c_p.l(libinit2.o)
    0x0000013e   0x0000013e   0x00000000   Code   RO         1144    .ARM.Collect$$libinit$$0000000E  c_p.l(libinit2.o)
    0x0000013e   0x0000013e   0x00000000   Code   RO         1147    .ARM.Collect$$libinit$$00000011  c_p.l(libinit2.o)
    0x0000013e   0x0000013e   0x00000000   Code   RO         1149    .ARM.Collect$$libinit$$00000013  c_p.l(libinit2.o)
    0x0000013e   0x0000013e   0x00000000   Code   RO         1151    .ARM.Collect$$libinit$$00000015  c_p.l(libinit2.o)
    0x0000013e   0x0000013e   0x00000000   Code   RO         1153    .ARM.Collect$$libinit$$00000017  c_p.l(libinit2.o)
    0x0000013e   0x0000013e   0x00000000   Code   RO         1155    .ARM.Collect$$libinit$$00000019  c_p.l(libinit2.o)
    0x0000013e   0x0000013e   0x00000000   Code   RO         1157    .ARM.Collect$$libinit$$0000001B  c_p.l(libinit2.o)
    0x0000013e   0x0000013e   0x00000000   Code   RO         1159    .ARM.Collect$$libinit$$0000001D  c_p.l(libinit2.o)
    0x0000013e   0x0000013e   0x00000000   Code   RO         1161    .ARM.Collect$$libinit$$0000001F  c_p.l(libinit2.o)
    0x0000013e   0x0000013e   0x00000000   Code   RO         1163    .ARM.Collect$$libinit$$00000021  c_p.l(libinit2.o)
    0x0000013e   0x0000013e   0x00000000   Code   RO         1165    .ARM.Collect$$libinit$$00000023  c_p.l(libinit2.o)
    0x0000013e   0x0000013e   0x00000000   Code   RO         1167    .ARM.Collect$$libinit$$00000025  c_p.l(libinit2.o)
    0x0000013e   0x0000013e   0x00000000   Code   RO         1171    .ARM.Collect$$libinit$$0000002C  c_p.l(libinit2.o)
    0x0000013e   0x0000013e   0x00000000   Code   RO         1173    .ARM.Collect$$libinit$$0000002E  c_p.l(libinit2.o)
    0x0000013e   0x0000013e   0x00000000   Code   RO         1175    .ARM.Collect$$libinit$$00000030  c_p.l(libinit2.o)
    0x0000013e   0x0000013e   0x00000000   Code   RO         1177    .ARM.Collect$$libinit$$00000032  c_p.l(libinit2.o)
    0x0000013e   0x0000013e   0x00000002   Code   RO         1178    .ARM.Collect$$libinit$$00000033  c_p.l(libinit2.o)
    0x00000140   0x00000140   0x00000002   Code   RO         1209    .ARM.Collect$$libshutdown$$00000000  c_p.l(libshutdown.o)
    0x00000142   0x00000142   0x00000000   Code   RO         1235    .ARM.Collect$$libshutdown$$00000002  c_p.l(libshutdown2.o)
    0x00000142   0x00000142   0x00000000   Code   RO         1237    .ARM.Collect$$libshutdown$$00000004  c_p.l(libshutdown2.o)
    0x00000142   0x00000142   0x00000000   Code   RO         1240    .ARM.Collect$$libshutdown$$00000007  c_p.l(libshutdown2.o)
    0x00000142   0x00000142   0x00000000   Code   RO         1243    .ARM.Collect$$libshutdown$$0000000A  c_p.l(libshutdown2.o)
    0x00000142   0x00000142   0x00000000   Code   RO         1245    .ARM.Collect$$libshutdown$$0000000C  c_p.l(libshutdown2.o)
    0x00000142   0x00000142   0x00000000   Code   RO         1248    .ARM.Collect$$libshutdown$$0000000F  c_p.l(libshutdown2.o)
    0x00000142   0x00000142   0x00000002   Code   RO         1249    .ARM.Collect$$libshutdown$$00000010  c_p.l(libshutdown2.o)
    0x00000144   0x00000144   0x00000000   Code   RO         1085    .ARM.Collect$$rtentry$$00000000  c_p.l(__rtentry.o)
    0x00000144   0x00000144   0x00000000   Code   RO         1091    .ARM.Collect$$rtentry$$00000002  c_p.l(__rtentry2.o)
    0x00000144   0x00000144   0x00000006   Code   RO         1103    .ARM.Collect$$rtentry$$00000004  c_p.l(__rtentry4.o)
    0x0000014a   0x0000014a   0x00000000   Code   RO         1093    .ARM.Collect$$rtentry$$00000009  c_p.l(__rtentry2.o)
    0x0000014a   0x0000014a   0x00000004   Code   RO         1094    .ARM.Collect$$rtentry$$0000000A  c_p.l(__rtentry2.o)
    0x0000014e   0x0000014e   0x00000000   Code   RO         1096    .ARM.Collect$$rtentry$$0000000C  c_p.l(__rtentry2.o)
    0x0000014e   0x0000014e   0x00000008   Code   RO         1097    .ARM.Collect$$rtentry$$0000000D  c_p.l(__rtentry2.o)
    0x00000156   0x00000156   0x00000002   Code   RO         1126    .ARM.Collect$$rtexit$$00000000  c_p.l(rtexit.o)
    0x00000158   0x00000158   0x00000000   Code   RO         1182    .ARM.Collect$$rtexit$$00000002  c_p.l(rtexit2.o)
    0x00000158   0x00000158   0x00000004   Code   RO         1183    .ARM.Collect$$rtexit$$00000003  c_p.l(rtexit2.o)
    0x0000015c   0x0000015c   0x00000006   Code   RO         1184    .ARM.Collect$$rtexit$$00000004  c_p.l(rtexit2.o)
    0x00000162   0x00000162   0x00000002   PAD
    0x00000164   0x00000164   0x00000038   Code   RO         1073    .emb_text           c_p.l(rt_memcpy.o)
    0x0000019c   0x0000019c   0x00000064   Code   RO          129  * .text               startup_nuc230_240.o
    0x00000200   0x00000200   0x0000015a   Code   RO         1077    .text               c_p.l(aeabi_sdiv.o)
    0x0000035a   0x0000035a   0x00000006   Code   RO         1081    .text               c_p.l(heapauxi.o)
    0x00000360   0x00000360   0x0000003e   Code   RO         1107    .text               c_p.l(sys_stackheap_outer.o)
    0x0000039e   0x0000039e   0x00000010   Code   RO         1110    .text               c_p.l(exit.o)
    0x000003ae   0x000003ae   0x00000002   PAD
    0x000003b0   0x000003b0   0x00000008   Code   RO         1122    .text               c_p.l(libspace.o)
    0x000003b8   0x000003b8   0x0000000c   Code   RO         1179    .text               c_p.l(sys_exit.o)
    0x000003c4   0x000003c4   0x00000002   Code   RO         1198    .text               c_p.l(use_no_semi.o)
    0x000003c6   0x000003c6   0x00000000   Code   RO         1200    .text               c_p.l(indicate_semi.o)
    0x000003c6   0x000003c6   0x00000002   PAD
    0x000003c8   0x000003c8   0x00000044   Code   RO          229    i.Buzzer            init.o
    0x0000040c   0x0000040c   0x0000003c   Code   RO          354    i.CLK_EnableModuleClock  clk.o
    0x00000448   0x00000448   0x00000184   Code   RO          355    i.CLK_EnablePLL     clk.o
    0x000005cc   0x000005cc   0x00000010   Code   RO          357    i.CLK_EnableXtalRC  clk.o
    0x000005dc   0x000005dc   0x00000080   Code   RO            3    i.CLK_GetPLLClockFreq  system_nuc230_240.o
    0x0000065c   0x0000065c   0x00000080   Code   RO          363    i.CLK_GetPLLClockFreq  clk.o
    0x000006dc   0x000006dc   0x00000080   Code   RO          773    i.CLK_GetPLLClockFreq  uart.o
    0x0000075c   0x0000075c   0x000000f4   Code   RO          366    i.CLK_SetCoreClock  clk.o
    0x00000850   0x00000850   0x0000006c   Code   RO          367    i.CLK_SetHCLK       clk.o
    0x000008bc   0x000008bc   0x00000108   Code   RO          368    i.CLK_SetModuleClock  clk.o
    0x000009c4   0x000009c4   0x00000028   Code   RO          370    i.CLK_WaitClockReady  clk.o
    0x000009ec   0x000009ec   0x00000098   Code   RO          895    i.CheckPetitModbusBufferComplete  petitmodbus.o
    0x00000a84   0x00000a84   0x0000002e   Code   RO          606    i.GPIO_SetMode      gpio.o
    0x00000ab2   0x00000ab2   0x00000002   PAD
    0x00000ab4   0x00000ab4   0x000000ac   Code   RO          896    i.HandleMPetitodbusWriteMultipleRegisters  petitmodbus.o
    0x00000b60   0x00000b60   0x00000028   Code   RO          897    i.HandlePetitModbusError  petitmodbus.o
    0x00000b88   0x00000b88   0x000000a8   Code   RO          898    i.HandlePetitModbusReadHoldingRegisters  petitmodbus.o
    0x00000c30   0x00000c30   0x00000078   Code   RO          899    i.HandlePetitModbusWriteSingleRegister  petitmodbus.o
    0x00000ca8   0x00000ca8   0x000000b4   Code   RO          230    i.IO_Init           init.o
    0x00000d5c   0x00000d5c   0x00000018   Code   RO          900    i.InitPetitModbus   petitmodbus.o
    0x00000d74   0x00000d74   0x00000014   Code   RO          231    i.NVIC_EnableIRQ    init.o
    0x00000d88   0x00000d88   0x000000a8   Code   RO          324    i.PG_FP6_Controller  pg_fp6.o
    0x00000e30   0x00000e30   0x00000008   Code   RO          999    i.PetitModBus_TIMER_Initialise  petitmodbusport.o
    0x00000e38   0x00000e38   0x00000010   Code   RO         1000    i.PetitModBus_TimerValues  petitmodbusport.o
    0x00000e48   0x00000e48   0x00000008   Code   RO         1001    i.PetitModBus_UART_Initialise  petitmodbusport.o
    0x00000e50   0x00000e50   0x0000001c   Code   RO         1002    i.PetitModBus_UART_Putch  petitmodbusport.o
    0x00000e6c   0x00000e6c   0x0000001c   Code   RO         1003    i.PetitModBus_UART_String  petitmodbusport.o
    0x00000e88   0x00000e88   0x00000024   Code   RO          901    i.PetitSendMessage  petitmodbus.o
    0x00000eac   0x00000eac   0x00000034   Code   RO          902    i.Petit_CRC16       petitmodbus.o
    0x00000ee0   0x00000ee0   0x00000024   Code   RO          903    i.Petit_CheckRxTimeout  petitmodbus.o
    0x00000f04   0x00000f04   0x00000020   Code   RO          904    i.Petit_DoSlaveTX   petitmodbus.o
    0x00000f24   0x00000f24   0x00000010   Code   RO          905    i.Petit_RxDataAvailable  petitmodbus.o
    0x00000f34   0x00000f34   0x00000104   Code   RO          906    i.Petit_RxRTU       petitmodbus.o
    0x00001038   0x00001038   0x000000ec   Code   RO          907    i.Petit_TxRTU       petitmodbus.o
    0x00001124   0x00001124   0x00000064   Code   RO          908    i.ProcessPetitModbus  petitmodbus.o
    0x00001188   0x00001188   0x00000034   Code   RO         1004    i.ReceiveInterrupt  petitmodbusport.o
    0x000011bc   0x000011bc   0x000000a0   Code   RO          232    i.SYS_Init          init.o
    0x0000125c   0x0000125c   0x00000030   Code   RO          645    i.SYS_ResetModule   sys.o
    0x0000128c   0x0000128c   0x00000064   Code   RO            4    i.SystemCoreClockUpdate  system_nuc230_240.o
    0x000012f0   0x000012f0   0x00000002   Code   RO            5    i.SystemInit        system_nuc230_240.o
    0x000012f2   0x000012f2   0x00000002   PAD
    0x000012f4   0x000012f4   0x00000040   Code   RO          233    i.TIMER0_Init       init.o
    0x00001334   0x00001334   0x00000084   Code   RO          716    i.TIMER_GetModuleClock  timer.o
    0x000013b8   0x000013b8   0x00000076   Code   RO          717    i.TIMER_Open        timer.o
    0x0000142e   0x0000142e   0x00000002   PAD
    0x00001430   0x00001430   0x00000074   Code   RO          291    i.TMR0_IRQHandler   interrupt.o
    0x000014a4   0x000014a4   0x00000020   Code   RO          292    i.UART02_IRQHandler  interrupt.o
    0x000014c4   0x000014c4   0x00000030   Code   RO          234    i.UART0_Init        init.o
    0x000014f4   0x000014f4   0x000000b8   Code   RO          782    i.UART_Open         uart.o
    0x000015ac   0x000015ac   0x00000028   Code   RO          135    i.main              main.o
    0x000015d4   0x000015d4   0x00000038   Data   RO          371    .constdata          clk.o
    0x0000160c   0x0000160c   0x00000020   Data   RO          718    .constdata          timer.o
    0x0000162c   0x0000162c   0x00000030   Data   RO          790    .constdata          uart.o
    0x0000165c   0x0000165c   0x00000020   Data   RO         1250    Region$$Table       anon$$obj.o


    Execution Region ER_RW (Exec base: 0x20000000, Load base: 0x0000167c, Size: 0x00000054, Max: 0xffffffff, ABSOLUTE)

    Exec Addr    Load Addr    Size         Type   Attr      Idx    E Section Name        Object

    0x20000000   0x0000167c   0x0000002c   Data   RW            6    .data               system_nuc230_240.o
    0x2000002c   0x000016a8   0x00000006   Data   RW          205    .data               user.o
    0x20000032   0x000016ae   0x00000002   PAD
    0x20000034   0x000016b0   0x0000001c   Data   RW          910    .data               petitmodbus.o
    0x20000050   0x000016cc   0x00000001   Data   RW         1006    .data               petitmodbusport.o


    Execution Region ER_ZI (Exec base: 0x20000054, Load base: 0x000016d0, Size: 0x0000066c, Max: 0xffffffff, ABSOLUTE)

    Exec Addr    Load Addr    Size         Type   Attr      Idx    E Section Name        Object

    0x20000054        -       0x00000140   Zero   RW          909    .bss                petitmodbus.o
    0x20000194        -       0x00000068   Zero   RW         1005    .bss                petitmodbusport.o
    0x200001fc        -       0x0000005e   Zero   RW         1058    .bss                petitregconstant.o
    0x2000025a   0x000016d0   0x00000002   PAD
    0x2000025c        -       0x00000060   Zero   RW         1123    .bss                c_p.l(libspace.o)
    0x200002bc   0x000016d0   0x00000004   PAD
    0x200002c0        -       0x00000000   Zero   RW          127    HEAP                startup_nuc230_240.o
    0x200002c0        -       0x00000400   Zero   RW          126    STACK               startup_nuc230_240.o


==============================================================================

Image component sizes


      Code (inc. data)   RO Data    RW Data    ZI Data      Debug   Object Name

      1248        132         56          0          0       5934   clk.o
        46          0          0          0          0       1075   gpio.o
       540         56          0          0          0      47717   init.o
       148         28          0          0          0       3094   interrupt.o
        40          4          0          0          0     101731   main.o
      1444        188          0         28        320      10054   petitmodbus.o
       140         24          0          1        104       3742   petitmodbusport.o
         0          0          0          0         94       1571   petitregconstant.o
       168         22          0          0          0        484   pg_fp6.o
       100         46        192          0       1024        708   startup_nuc230_240.o
        48          0          0          0          0        482   sys.o
       230         40          0         44          0     128491   system_nuc230_240.o
       250         22         32          0          0       1968   timer.o
       312         34         48          0          0       2116   uart.o
         0          0          0          6          0        373   user.o

    ----------------------------------------------------------------------
      4720        596        360         84       1544     309540   Object Totals
         0          0         32          0          0          0   (incl. Generated)
         6          0          0          5          2          0   (incl. Padding)

    ----------------------------------------------------------------------

      Code (inc. data)   RO Data    RW Data    ZI Data      Debug   Library Member Name

         8          0          0          0          0         68   __main.o
         0          0          0          0          0          0   __rtentry.o
        12          0          0          0          0          0   __rtentry2.o
         6          0          0          0          0          0   __rtentry4.o
        60          8          0          0          0          0   __scatter.o
        26          0          0          0          0          0   __scatter_copy.o
        28          0          0          0          0          0   __scatter_zi.o
       346          0          0          0          0         92   aeabi_sdiv.o
        16          0          0          0          0         68   exit.o
         6          0          0          0          0        136   heapauxi.o
         0          0          0          0          0          0   indicate_semi.o
         2          0          0          0          0          0   libinit.o
         2          0          0          0          0          0   libinit2.o
         2          0          0          0          0          0   libshutdown.o
         2          0          0          0          0          0   libshutdown2.o
         8          4          0          0         96         68   libspace.o
        56          0          0          0          0         68   rt_memcpy.o
         2          0          0          0          0          0   rtexit.o
        10          0          0          0          0          0   rtexit2.o
        12          4          0          0          0         60   sys_exit.o
        62          0          0          0          0         80   sys_stackheap_outer.o
         2          0          0          0          0         68   use_no_semi.o

    ----------------------------------------------------------------------
       676         16          0          0        100        708   Library Totals
         8          0          0          0          4          0   (incl. Padding)

    ----------------------------------------------------------------------

      Code (inc. data)   RO Data    RW Data    ZI Data      Debug   Library Name

       668         16          0          0         96        708   c_p.l

    ----------------------------------------------------------------------
       676         16          0          0        100        708   Library Totals

    ----------------------------------------------------------------------

==============================================================================


      Code (inc. data)   RO Data    RW Data    ZI Data      Debug   

      5396        612        360         84       1644     308116   Grand Totals
      5396        612        360         84       1644     308116   ELF Image Totals
      5396        612        360         84          0          0   ROM Totals

==============================================================================

    Total RO  Size (Code + RO Data)                 5756 (   5.62kB)
    Total RW  Size (RW Data + ZI Data)              1728 (   1.69kB)
    Total ROM Size (Code + RO Data + RW Data)       5840 (   5.70kB)

==============================================================================

