<html>
<body>
<pre>
<h1>µVision Build Log</h1>
<h2>Tool Versions:</h2>
IDE-Version: µVision V5.27.1.0
Copyright (C) 2019 ARM Ltd and ARM Germany GmbH. All rights reserved.
License Information: Thinh Tula, Tula, LIC=----
 
Tool Versions:
Toolchain:       MDK-Lite  Version: 5.27.1.0
Toolchain Path:  C:\Keil_v5\ARM\ARMCC\Bin
C Compiler:      Armcc.exe V5.06 update 6 (build 750)
Assembler:       Armasm.exe V5.06 update 6 (build 750)
Linker/Locator:  ArmLink.exe V5.06 update 6 (build 750)
Library Manager: ArmAr.exe V5.06 update 6 (build 750)
Hex Converter:   FromElf.exe V5.06 update 6 (build 750)
CPU DLL:         SARMCM3.DLL V5.27.1.0
Dialog DLL:      DARMCM1.DLL V1.19.2.0
Target DLL:      Nu_Link.dll V2.06
Dialog DLL:      TARMCM1.DLL V1.14.1.0
 
<h2>Project:</h2>
F:\Project\Tula\Meiko\PG_FP6\Code\CPU\PGFP6_v1.1_autoLoad\PG-FP6-CONTROLLER.uvprojx
Project File Date:  12/06/2019

<h2>Output:</h2>
*** Using Compiler 'V5.06 update 6 (build 750)', folder: 'C:\Keil_v5\ARM\ARMCC\Bin'
Rebuild target 'RENESAS'
assembling startup_NUC230_240.s...
compiling system_NUC230_240.c...
compiling user.c...
compiling main.c...
compiling Init.c...
compiling PG_FP6.c...
compiling Interrupt.c...
compiling fmc.c...
compiling clk.c...
compiling sys.c...
compiling gpio.c...
compiling timer.c...
compiling PetitModbus.c...
PetitModbus.c(221): warning:  #550-D: variable "Petit_ByteCount"  was set but never used
      unsigned char   Petit_ByteCount               =0;
PetitModbus.c: 1 warning, 0 errors
compiling PetitRegConstant.c...
compiling uart.c...
compiling PetitModbusPort.c...
linking...
Program Size: Code=5396 RO-data=360 RW-data=84 ZI-data=1644  
".\Objects\PG-FP6-CONTROLLER.axf" - 0 Error(s), 1 Warning(s).

<h2>Software Packages used:</h2>

Package Vendor: Nuvoton
                http://www.nuvoton.com/hq/enu/Documents/KEILSoftwarePack/Nuvoton.NuMicro_DFP.1.3.3.pack
                Nuvoton.NuMicro_DFP.1.3.3
                Nuvoton ARM Cortex-M NuMicro Family Device Support

<h2>Collection of Component include folders:</h2>
  .\RTE\_RENESAS
  C:\Users\HP\AppData\Local\Arm\Packs\Nuvoton\NuMicro_DFP\1.3.3\Device\NUC230_240\Include

<h2>Collection of Component Files used:</h2>
Build Time Elapsed:  00:00:05
</pre>
</body>
</html>
